Component: ARM Compiler 5.05 update 1 (build 106) Tool: armlink [4d0efa]

==============================================================================

Section Cross References

    startup_stm32f10x_hd.o(STACK) refers (Special) to heapauxi.o(.text) for __use_two_region_memory
    startup_stm32f10x_hd.o(HEAP) refers (Special) to heapauxi.o(.text) for __use_two_region_memory
    startup_stm32f10x_hd.o(RESET) refers (Special) to heapauxi.o(.text) for __use_two_region_memory
    startup_stm32f10x_hd.o(RESET) refers to startup_stm32f10x_hd.o(STACK) for __initial_sp
    startup_stm32f10x_hd.o(RESET) refers to startup_stm32f10x_hd.o(.text) for Reset_Handler
    startup_stm32f10x_hd.o(RESET) refers to stm32f10x_it.o(.text) for NMI_Handler
    startup_stm32f10x_hd.o(RESET) refers to usart.o(.text) for USART1_IRQHandler
    startup_stm32f10x_hd.o(.text) refers (Special) to heapauxi.o(.text) for __use_two_region_memory
    startup_stm32f10x_hd.o(.text) refers to system_stm32f10x.o(.text) for SystemInit
    startup_stm32f10x_hd.o(.text) refers to __main.o(!!!main) for __main
    startup_stm32f10x_hd.o(.text) refers to startup_stm32f10x_hd.o(HEAP) for Heap_Mem
    startup_stm32f10x_hd.o(.text) refers to startup_stm32f10x_hd.o(STACK) for Stack_Mem
    main.o(.text) refers to tasks.o(.text) for BSP_Int
    main.o(.text) refers to stm32f10x_it.o(.data) for Count_100ms
    stm32f10x_it.o(.text) refers to tasks.o(.data) for Bsp_Int_Ok
    stm32f10x_it.o(.text) refers to timer3.o(.data) for Timer3_Count
    stm32f10x_it.o(.text) refers to stm32f10x_it.o(.data) for Count_100ms
    system_stm32f10x.o(.text) refers to system_stm32f10x.o(.data) for SystemCoreClock
    delay.o(.text) refers to misc.o(.text) for SysTick_CLKSourceConfig
    delay.o(.text) refers to system_stm32f10x.o(.data) for SystemCoreClock
    delay.o(.text) refers to delay.o(.data) for fac_us
    flash.o(.text) refers to spi.o(.text) for SPI1_ReadWriteByte
    flash.o(.text) refers to stm32f10x_rcc.o(.text) for RCC_APB2PeriphClockCmd
    flash.o(.text) refers to stm32f10x_gpio.o(.text) for GPIO_Init
    flash.o(.text) refers to malloc.o(.text) for mymalloc
    flash.o(.text) refers to delay.o(.text) for delay_us
    flash.o(.text) refers to flash.o(.data) for SPI_FLASH_TYPE
    lcd.o(.text) refers to delay.o(.text) for delay_us
    lcd.o(.text) refers to lcd.o(.bss) for lcddev
    lcd.o(.text) refers to dflt_clz.o(x$fpl$dfltu) for __aeabi_ui2d
    lcd.o(.text) refers to dmul.o(x$fpl$dmul) for __aeabi_dmul
    lcd.o(.text) refers to dfixu.o(x$fpl$dfixu) for __aeabi_d2uiz
    lcd.o(.text) refers to lcd.o(.data) for POINT_COLOR
    lcd.o(.text) refers to stm32f10x_rcc.o(.text) for RCC_APB2PeriphClockCmd
    lcd.o(.text) refers to stm32f10x_gpio.o(.text) for GPIO_PinRemapConfig
    lcd.o(.text) refers to lcd.o(.constdata) for asc2_1206
    malloc.o(.text) refers to malloc.o(.data) for mallco_dev
    malloc.o(.data) refers to malloc.o(.text) for mem_init
    malloc.o(.data) refers to malloc.o(.bss) for membase
    mmc_sd.o(.text) refers to spi.o(.text) for SPI1_ReadWriteByte
    mmc_sd.o(.text) refers to stm32f10x_rcc.o(.text) for RCC_APB2PeriphClockCmd
    mmc_sd.o(.text) refers to stm32f10x_gpio.o(.text) for GPIO_Init
    mmc_sd.o(.text) refers to mmc_sd.o(.data) for SD_Type
    spi.o(.text) refers to stm32f10x_spi.o(.text) for SPI_I2S_GetFlagStatus
    spi.o(.text) refers to stm32f10x_rcc.o(.text) for RCC_APB2PeriphClockCmd
    spi.o(.text) refers to stm32f10x_gpio.o(.text) for GPIO_Init
    spi.o(.text) refers to spi.o(.bss) for SPI_InitStructure
    usart.o(.text) refers (Special) to use_no_semi_2.o(.text) for __use_no_semihosting
    usart.o(.text) refers to stm32f10x_rcc.o(.text) for RCC_APB2PeriphClockCmd
    usart.o(.text) refers to stm32f10x_gpio.o(.text) for GPIO_Init
    usart.o(.text) refers to stm32f10x_usart.o(.text) for USART_Init
    usart.o(.text) refers to usart.o(.data) for state_machine
    usart.o(.text) refers to usart.o(.bss) for Rx_Buffer
    usart.o(.text) refers to tasks.o(.data) for receive_flag
    usart.o(.bss) refers (Special) to use_no_semi_2.o(.text) for __use_no_semihosting
    usart.o(.data) refers (Special) to use_no_semi_2.o(.text) for __use_no_semihosting
    pstwo.o(.text) refers to stm32f10x_rcc.o(.text) for RCC_APB2PeriphClockCmd
    pstwo.o(.text) refers to stm32f10x_gpio.o(.text) for GPIO_Init
    pstwo.o(.text) refers to delay.o(.text) for delay_us
    pstwo.o(.text) refers to pstwo.o(.bss) for Data
    pstwo.o(.text) refers to pstwo.o(.data) for Comd
    timer3.o(.text) refers to stm32f10x_rcc.o(.text) for RCC_APB1PeriphClockCmd
    timer3.o(.text) refers to stm32f10x_tim.o(.text) for TIM_DeInit
    timer3.o(.text) refers to timer3.o(.data) for Timer3_Frequency
    fontupd.o(.text) refers to fflt_clz.o(x$fpl$ffltu) for __aeabi_ui2f
    fontupd.o(.text) refers to fdiv.o(x$fpl$fdiv) for __aeabi_fdiv
    fontupd.o(.text) refers to fmul.o(x$fpl$fmul) for __aeabi_fmul
[...]
    .ARM.Collect$$libinit$$0000001D          0x080001e6   Section        0  libinit2.o(.ARM.Collect$$libinit$$0000001D)
    .ARM.Collect$$libinit$$0000001F          0x080001e6   Section        0  libinit2.o(.ARM.Collect$$libinit$$0000001F)
    .ARM.Collect$$libinit$$00000021          0x080001e6   Section        0  libinit2.o(.ARM.Collect$$libinit$$00000021)
    .ARM.Collect$$libinit$$00000023          0x080001e6   Section        0  libinit2.o(.ARM.Collect$$libinit$$00000023)
    .ARM.Collect$$libinit$$00000025          0x080001e6   Section        0  libinit2.o(.ARM.Collect$$libinit$$00000025)
    .ARM.Collect$$libinit$$0000002C          0x080001e6   Section        0  libinit2.o(.ARM.Collect$$libinit$$0000002C)
    .ARM.Collect$$libinit$$0000002E          0x080001e6   Section        0  libinit2.o(.ARM.Collect$$libinit$$0000002E)
    .ARM.Collect$$libinit$$00000030          0x080001e6   Section        0  libinit2.o(.ARM.Collect$$libinit$$00000030)
    .ARM.Collect$$libinit$$00000032          0x080001e6   Section        0  libinit2.o(.ARM.Collect$$libinit$$00000032)
    .ARM.Collect$$libinit$$00000033          0x080001e6   Section        2  libinit2.o(.ARM.Collect$$libinit$$00000033)
    .ARM.Collect$$libshutdown$$00000000      0x080001e8   Section        2  libshutdown.o(.ARM.Collect$$libshutdown$$00000000)
    .ARM.Collect$$libshutdown$$00000003      0x080001ea   Section        0  libshutdown2.o(.ARM.Collect$$libshutdown$$00000003)
    .ARM.Collect$$libshutdown$$00000006      0x080001ea   Section        0  libshutdown2.o(.ARM.Collect$$libshutdown$$00000006)
    .ARM.Collect$$libshutdown$$00000009      0x080001ea   Section        0  libshutdown2.o(.ARM.Collect$$libshutdown$$00000009)
    .ARM.Collect$$libshutdown$$0000000B      0x080001ea   Section        0  libshutdown2.o(.ARM.Collect$$libshutdown$$0000000B)
    .ARM.Collect$$libshutdown$$0000000E      0x080001ea   Section        0  libshutdown2.o(.ARM.Collect$$libshutdown$$0000000E)
    .ARM.Collect$$libshutdown$$0000000F      0x080001ea   Section        2  libshutdown2.o(.ARM.Collect$$libshutdown$$0000000F)
    .ARM.Collect$$rtentry$$00000000          0x080001ec   Section        0  __rtentry.o(.ARM.Collect$$rtentry$$00000000)
    .ARM.Collect$$rtentry$$00000002          0x080001ec   Section        0  __rtentry2.o(.ARM.Collect$$rtentry$$00000002)
    .ARM.Collect$$rtentry$$00000004          0x080001ec   Section        6  __rtentry4.o(.ARM.Collect$$rtentry$$00000004)
    .ARM.Collect$$rtentry$$00000009          0x080001f2   Section        0  __rtentry2.o(.ARM.Collect$$rtentry$$00000009)
    .ARM.Collect$$rtentry$$0000000A          0x080001f2   Section        4  __rtentry2.o(.ARM.Collect$$rtentry$$0000000A)
    .ARM.Collect$$rtentry$$0000000C          0x080001f6   Section        0  __rtentry2.o(.ARM.Collect$$rtentry$$0000000C)
    .ARM.Collect$$rtentry$$0000000D          0x080001f6   Section        8  __rtentry2.o(.ARM.Collect$$rtentry$$0000000D)
    .ARM.Collect$$rtexit$$00000000           0x080001fe   Section        2  rtexit.o(.ARM.Collect$$rtexit$$00000000)
    .ARM.Collect$$rtexit$$00000002           0x08000200   Section        0  rtexit2.o(.ARM.Collect$$rtexit$$00000002)
    .ARM.Collect$$rtexit$$00000003           0x08000200   Section        4  rtexit2.o(.ARM.Collect$$rtexit$$00000003)
    .ARM.Collect$$rtexit$$00000004           0x08000204   Section        6  rtexit2.o(.ARM.Collect$$rtexit$$00000004)
    .text                                    0x0800020c   Section       64  startup_stm32f10x_hd.o(.text)
    .text                                    0x0800024c   Section        0  main.o(.text)
    .text                                    0x0800026c   Section        0  stm32f10x_it.o(.text)
    .text                                    0x080002c8   Section        0  system_stm32f10x.o(.text)
    SetSysClockTo72                          0x080002c9   Thumb Code   214  system_stm32f10x.o(.text)
    SetSysClock                              0x0800039f   Thumb Code     8  system_stm32f10x.o(.text)
    .text                                    0x080004a8   Section        0  delay.o(.text)
    .text                                    0x0800057c   Section        0  flash.o(.text)
    .text                                    0x080008d4   Section        0  lcd.o(.text)
    .text                                    0x08006100   Section        0  malloc.o(.text)
    .text                                    0x080062a0   Section        0  mmc_sd.o(.text)
    .text                                    0x080067c4   Section        0  spi.o(.text)
    .text                                    0x080068ac   Section        0  usart.o(.text)
    .text                                    0x080069f0   Section        0  pstwo.o(.text)
    .text                                    0x08006dfc   Section        0  timer3.o(.text)
    .text                                    0x08006e60   Section        0  fontupd.o(.text)
    .text                                    0x08007224   Section        0  text.o(.text)
    .text                                    0x080074f8   Section        0  diskio.o(.text)
    .text                                    0x080076f0   Section        0  ff.o(.text)
    mem_cpy                                  0x080076f1   Thumb Code    26  ff.o(.text)
    mem_set                                  0x0800770b   Thumb Code    20  ff.o(.text)
    mem_cmp                                  0x0800771f   Thumb Code    38  ff.o(.text)
    chk_chr                                  0x08007745   Thumb Code    20  ff.o(.text)
    sync_window                              0x08007759   Thumb Code    76  ff.o(.text)
    move_window                              0x080077a5   Thumb Code    50  ff.o(.text)
    sync_fs                                  0x080077d7   Thumb Code   200  ff.o(.text)
    remove_chain                             0x08007ad7   Thumb Code   108  ff.o(.text)
    create_chain                             0x08007b43   Thumb Code   214  ff.o(.text)
    clmt_clust                               0x08007c19   Thumb Code    50  ff.o(.text)
    dir_sdi                                  0x08007c4b   Thumb Code   158  ff.o(.text)
    dir_next                                 0x08007ce9   Thumb Code   272  ff.o(.text)
    dir_alloc                                0x08007df9   Thumb Code    92  ff.o(.text)
    ld_clust                                 0x08007e55   Thumb Code    32  ff.o(.text)
    st_clust                                 0x08007e75   Thumb Code    16  ff.o(.text)
    cmp_lfn                                  0x08007e85   Thumb Code   138  ff.o(.text)
    pick_lfn                                 0x08007f0f   Thumb Code   112  ff.o(.text)
    fit_lfn                                  0x08007f7f   Thumb Code   122  ff.o(.text)
    gen_numname                              0x08007ff9   Thumb Code   194  ff.o(.text)
    sum_sfn                                  0x080080bb   Thumb Code    32  ff.o(.text)
    dir_find                                 0x080080db   Thumb Code   222  ff.o(.text)
    dir_read                                 0x080081b9   Thumb Code   196  ff.o(.text)
    dir_register                             0x0800827d   Thumb Code   308  ff.o(.text)
    dir_remove                               0x080083b1   Thumb Code   106  ff.o(.text)
    get_fileinfo                             0x0800841b   Thumb Code   268  ff.o(.text)
    create_name                              0x08008527   Thumb Code   604  ff.o(.text)
    follow_path                              0x08008783   Thumb Code   144  ff.o(.text)
    get_ldnumber                             0x08008813   Thumb Code    74  ff.o(.text)
    check_fs                                 0x0800885d   Thumb Code   140  ff.o(.text)
    find_volume                              0x080088e9   Thumb Code   916  ff.o(.text)
    validate                                 0x08008c7d   Thumb Code    54  ff.o(.text)
    putc_bfd                                 0x0800a617   Thumb Code    68  ff.o(.text)
    .text                                    0x0800a988   Section        0  exfuns.o(.text)
    .text                                    0x0800ab20   Section        0  mycc936.o(.text)
    .text                                    0x0800abec   Section        0  tasks.o(.text)
    .text                                    0x0800af28   Section        0  protocol.o(.text)
    .text                                    0x0800b090   Section        0  misc.o(.text)
    .text                                    0x0800b16c   Section        0  stm32f10x_gpio.o(.text)
    .text                                    0x0800b4c8   Section        0  stm32f10x_rcc.o(.text)
    .text                                    0x0800b86c   Section        0  stm32f10x_spi.o(.text)
    .text                                    0x0800bb78   Section        0  stm32f10x_tim.o(.text)
    TI4_Config                               0x0800c01f   Thumb Code   130  stm32f10x_tim.o(.text)
    TI3_Config                               0x0800c0b3   Thumb Code   122  stm32f10x_tim.o(.text)
    TI2_Config                               0x0800c147   Thumb Code   130  stm32f10x_tim.o(.text)
    TI1_Config                               0x0800c1db   Thumb Code   108  stm32f10x_tim.o(.text)
    .text                                    0x0800c994   Section        0  stm32f10x_usart.o(.text)
    .text                                    0x0800cd9c   Section        2  use_no_semi_2.o(.text)
    .text                                    0x0800cd9e   Section        0  strcpy.o(.text)
    .text                                    0x0800cde6   Section        0  strlen.o(.text)
    .text                                    0x0800ce24   Section      128  strcmpv7m.o(.text)
    .text                                    0x0800cea4   Section        0  heapauxi.o(.text)
    .text                                    0x0800ceaa   Section        2  use_no_semi.o(.text)
    .text                                    0x0800ceac   Section       74  sys_stackheap_outer.o(.text)
    .text                                    0x0800cef6   Section        0  exit.o(.text)
    .text                                    0x0800cf04   Section        8  libspace.o(.text)
    x$fpl$dfixu                              0x0800cf0c   Section       90  dfixu.o(x$fpl$dfixu)
    x$fpl$dfltu                              0x0800cf66   Section       38  dflt_clz.o(x$fpl$dfltu)
    x$fpl$dmul                               0x0800cf8c   Section      340  dmul.o(x$fpl$dmul)
    x$fpl$dnaninf                            0x0800d0e0   Section      156  dnaninf.o(x$fpl$dnaninf)
    x$fpl$dretinf                            0x0800d17c   Section       12  dretinf.o(x$fpl$dretinf)
    x$fpl$fcmpinf                            0x0800d188   Section       24  fcmpi.o(x$fpl$fcmpinf)
    x$fpl$fdiv                               0x0800d1a0   Section      388  fdiv.o(x$fpl$fdiv)
    _fdiv1                                   0x0800d1a1   Thumb Code     0  fdiv.o(x$fpl$fdiv)
    x$fpl$feqf                               0x0800d324   Section      104  feqf.o(x$fpl$feqf)
    x$fpl$ffixu                              0x0800d38c   Section       62  ffixu.o(x$fpl$ffixu)
    x$fpl$ffltu                              0x0800d3cc   Section       38  fflt_clz.o(x$fpl$ffltu)
    x$fpl$fmul                               0x0800d3f4   Section      258  fmul.o(x$fpl$fmul)
    x$fpl$fnaninf                            0x0800d4f6   Section      140  fnaninf.o(x$fpl$fnaninf)
    x$fpl$fretinf                            0x0800d582   Section       10  fretinf.o(x$fpl$fretinf)
    .constdata                               0x0800d58c   Section     6080  lcd.o(.constdata)
    x$fpl$usenofp                            0x0800d58c   Section        0  usenofp.o(x$fpl$usenofp)
    .constdata                               0x0800ed4c   Section       58  ff.o(.constdata)
    LfnOfs                                   0x0800ed4c   Data          13  ff.o(.constdata)
    vst                                      0x0800ed5a   Data          22  ff.o(.constdata)
    cst                                      0x0800ed70   Data          22  ff.o(.constdata)
    .constdata                               0x0800ed86   Section      960  mycc936.o(.constdata)
    tbl_lower                                0x0800ed86   Data         480  mycc936.o(.constdata)
    tbl_upper                                0x0800ef66   Data         480  mycc936.o(.constdata)
    .conststring                             0x0800f148   Section      109  fontupd.o(.conststring)
    .conststring                             0x0800f1b8   Section      100  exfuns.o(.conststring)
    .data                                    0x20000000   Section        1  stm32f10x_it.o(.data)
    .data                                    0x20000004   Section       20  system_stm32f10x.o(.data)
    .data                                    0x20000018   Section        4  delay.o(.data)
    fac_us                                   0x20000018   Data           1  delay.o(.data)
    fac_ms                                   0x2000001a   Data           2  delay.o(.data)
    .data                                    0x2000001c   Section        2  flash.o(.data)
    .data                                    0x2000001e   Section        4  lcd.o(.data)
    .data                                    0x20000024   Section       20  malloc.o(.data)
    .data                                    0x20000038   Section        1  mmc_sd.o(.data)
    .data                                    0x2000003c   Section        6  usart.o(.data)
    .data                                    0x20000042   Section       36  pstwo.o(.data)
    .data                                    0x20000068   Section        6  timer3.o(.data)
    .data                                    0x20000070   Section       16  fontupd.o(.data)
    .data                                    0x20000080   Section        2  diskio.o(.data)
    .data                                    0x20000084   Section       10  ff.o(.data)
    FatFs                                    0x20000084   Data           8  ff.o(.data)
    Fsid                                     0x2000008c   Data           2  ff.o(.data)
    .data                                    0x20000090   Section      340  exfuns.o(.data)
    .data                                    0x200001e4   Section        2  tasks.o(.data)
    .data                                    0x200001e8   Section     1044  protocol.o(.data)
    .data                                    0x200005fc   Section       20  stm32f10x_rcc.o(.data)
    APBAHBPrescTable                         0x200005fc   Data          16  stm32f10x_rcc.o(.data)
    ADCPrescTable                            0x2000060c   Data           4  stm32f10x_rcc.o(.data)
    .bss                                     0x20000610   Section       14  lcd.o(.bss)
    .bss                                     0x20000620   Section    38080  malloc.o(.bss)
    .bss                                     0x20009ae0   Section       18  spi.o(.bss)
    .bss                                     0x20009af2   Section       29  usart.o(.bss)
    .bss                                     0x20009b0f   Section        9  pstwo.o(.bss)
    .bss                                     0x20009b18   Section       33  fontupd.o(.bss)
    .bss                                     0x20009b3c   Section       96  libspace.o(.bss)
    HEAP                                     0x20009ba0   Section      512  startup_stm32f10x_hd.o(HEAP)
    Heap_Mem                                 0x20009ba0   Data         512  startup_stm32f10x_hd.o(HEAP)
    STACK                                    0x20009da0   Section     1024  startup_stm32f10x_hd.o(STACK)
    Stack_Mem                                0x20009da0   Data        1024  startup_stm32f10x_hd.o(STACK)
    __initial_sp                             0x2000a1a0   Data           0  startup_stm32f10x_hd.o(STACK)

    Global Symbols

    Symbol Name                              Value     Ov Type        Size  Object(Section)

    BuildAttributes$$THM_ISAv4$P$D$K$B$S$PE$A:L22UL41UL21$X:L11$S22US41US21$IEEE1$IW$USESV6$~STKCKD$USESV7$~SHL$OSPACE$ROPI$EBA8$UX$STANDARDLIB$REQ8$PRES8$EABIv2 0x00000000   Number         0  anon$$obj.o ABSOLUTE
    __ARM_use_no_argv                        0x00000000   Number         0  main.o ABSOLUTE
    __ARM_exceptions_init                     - Undefined Weak Reference
    __alloca_initialize                       - Undefined Weak Reference
    __arm_preinit_                            - Undefined Weak Reference
    __cpp_initialize__aeabi_                  - Undefined Weak Reference
    __cxa_finalize                            - Undefined Weak Reference
    __rt_locale                               - Undefined Weak Reference
    __sigvec_lookup                           - Undefined Weak Reference
    _atexit_init                              - Undefined Weak Reference
    _call_atexit_fns                          - Undefined Weak Reference
    _clock_init                               - Undefined Weak Reference
    _fp_trap_init                             - Undefined Weak Reference
    _fp_trap_shutdown                         - Undefined Weak Reference
    _get_lc_collate                           - Undefined Weak Reference
    _get_lc_ctype                             - Undefined Weak Reference
    _get_lc_monetary                          - Undefined Weak Reference
    _get_lc_numeric                           - Undefined Weak Reference
    _get_lc_time                              - Undefined Weak Reference
    _getenv_init                              - Undefined Weak Reference
    _handle_redirection                       - Undefined Weak Reference
    _init_alloc                               - Undefined Weak Reference
    _init_user_alloc                          - Undefined Weak Reference
    _initio                                   - Undefined Weak Reference
    _mutex_acquire                            - Undefined Weak Reference
    _mutex_release                            - Undefined Weak Reference
    _printf_mbtowc                            - Undefined Weak Reference
    _printf_post_padding                      - Undefined Weak Reference
    _printf_pre_padding                       - Undefined Weak Reference
    _printf_truncate_signed                   - Undefined Weak Reference
    _printf_truncate_unsigned                 - Undefined Weak Reference
    _rand_init                                - Undefined Weak Reference
    _signal_finish                            - Undefined Weak Reference
    _signal_init                              - Undefined Weak Reference
    _terminate_alloc                          - Undefined Weak Reference
    _terminate_user_alloc                     - Undefined Weak Reference
    _terminateio                              - Undefined Weak Reference
    __Vectors_Size                           0x00000130   Number         0  startup_stm32f10x_hd.o ABSOLUTE
    __Vectors                                0x08000000   Data           4  startup_stm32f10x_hd.o(RESET)
    __Vectors_End                            0x08000130   Data           0  startup_stm32f10x_hd.o(RESET)
    __main                                   0x08000131   Thumb Code     8  __main.o(!!!main)
    __scatterload                            0x08000139   Thumb Code     0  __scatter.o(!!!scatter)
    __scatterload_rt2                        0x08000139   Thumb Code    44  __scatter.o(!!!scatter)
    __scatterload_rt2_thumb_only             0x08000139   Thumb Code     0  __scatter.o(!!!scatter)
    __scatterload_null                       0x08000147   Thumb Code     0  __scatter.o(!!!scatter)
    __decompress                             0x0800016d   Thumb Code    90  __dczerorl2.o(!!dczerorl2)
    __decompress1                            0x0800016d   Thumb Code     0  __dczerorl2.o(!!dczerorl2)
    __scatterload_zeroinit                   0x080001c9   Thumb Code    28  __scatter_zi.o(!!handler_zi)
    __rt_lib_init                            0x080001e5   Thumb Code     0  libinit.o(.ARM.Collect$$libinit$$00000000)
    __rt_lib_init_alloca_1                   0x080001e7   Thumb Code     0  libinit2.o(.ARM.Collect$$libinit$$0000002E)
    __rt_lib_init_argv_1                     0x080001e7   Thumb Code     0  libinit2.o(.ARM.Collect$$libinit$$0000002C)
    __rt_lib_init_atexit_1                   0x080001e7   Thumb Code     0  libinit2.o(.ARM.Collect$$libinit$$0000001B)
    __rt_lib_init_clock_1                    0x080001e7   Thumb Code     0  libinit2.o(.ARM.Collect$$libinit$$00000021)
    __rt_lib_init_cpp_1                      0x080001e7   Thumb Code     0  libinit2.o(.ARM.Collect$$libinit$$00000032)
    __rt_lib_init_exceptions_1               0x080001e7   Thumb Code     0  libinit2.o(.ARM.Collect$$libinit$$00000030)
    __rt_lib_init_fp_1                       0x080001e7   Thumb Code     0  libinit2.o(.ARM.Collect$$libinit$$00000002)
    __rt_lib_init_fp_trap_1                  0x080001e7   Thumb Code     0  libinit2.o(.ARM.Collect$$libinit$$0000001F)
    __rt_lib_init_getenv_1                   0x080001e7   Thumb Code     0  libinit2.o(.ARM.Collect$$libinit$$00000023)
    __rt_lib_init_heap_1                     0x080001e7   Thumb Code     0  libinit2.o(.ARM.Collect$$libinit$$0000000A)
    __rt_lib_init_lc_collate_1               0x080001e7   Thumb Code     0  libinit2.o(.ARM.Collect$$libinit$$00000011)
    __rt_lib_init_lc_ctype_1                 0x080001e7   Thumb Code     0  libinit2.o(.ARM.Collect$$libinit$$00000013)
    __rt_lib_init_lc_monetary_1              0x080001e7   Thumb Code     0  libinit2.o(.ARM.Collect$$libinit$$00000015)
    __rt_lib_init_lc_numeric_1               0x080001e7   Thumb Code     0  libinit2.o(.ARM.Collect$$libinit$$00000017)
    __rt_lib_init_lc_time_1                  0x080001e7   Thumb Code     0  libinit2.o(.ARM.Collect$$libinit$$00000019)
    __rt_lib_init_preinit_1                  0x080001e7   Thumb Code     0  libinit2.o(.ARM.Collect$$libinit$$00000004)
    __rt_lib_init_rand_1                     0x080001e7   Thumb Code     0  libinit2.o(.ARM.Collect$$libinit$$0000000E)
    __rt_lib_init_return                     0x080001e7   Thumb Code     0  libinit2.o(.ARM.Collect$$libinit$$00000033)
    __rt_lib_init_signal_1                   0x080001e7   Thumb Code     0  libinit2.o(.ARM.Collect$$libinit$$0000001D)
    __rt_lib_init_stdio_1                    0x080001e7   Thumb Code     0  libinit2.o(.ARM.Collect$$libinit$$00000025)
    __rt_lib_init_user_alloc_1               0x080001e7   Thumb Code     0  libinit2.o(.ARM.Collect$$libinit$$0000000C)
    __rt_lib_shutdown                        0x080001e9   Thumb Code     0  libshutdown.o(.ARM.Collect$$libshutdown$$00000000)
    __rt_lib_shutdown_fp_trap_1              0x080001eb   Thumb Code     0  libshutdown2.o(.ARM.Collect$$libshutdown$$00000006)
    __rt_lib_shutdown_heap_1                 0x080001eb   Thumb Code     0  libshutdown2.o(.ARM.Collect$$libshutdown$$0000000E)
    __rt_lib_shutdown_return                 0x080001eb   Thumb Code     0  libshutdown2.o(.ARM.Collect$$libshutdown$$0000000F)
    __rt_lib_shutdown_signal_1               0x080001eb   Thumb Code     0  libshutdown2.o(.ARM.Collect$$libshutdown$$00000009)
    __rt_lib_shutdown_stdio_1                0x080001eb   Thumb Code     0  libshutdown2.o(.ARM.Collect$$libshutdown$$00000003)
    __rt_lib_shutdown_user_alloc_1           0x080001eb   Thumb Code     0  libshutdown2.o(.ARM.Collect$$libshutdown$$0000000B)
    __rt_entry                               0x080001ed   Thumb Code     0  __rtentry.o(.ARM.Collect$$rtentry$$00000000)
    __rt_entry_presh_1                       0x080001ed   Thumb Code     0  __rtentry2.o(.ARM.Collect$$rtentry$$00000002)
    __rt_entry_sh                            0x080001ed   Thumb Code     0  __rtentry4.o(.ARM.Collect$$rtentry$$00000004)
    __rt_entry_li                            0x080001f3   Thumb Code     0  __rtentry2.o(.ARM.Collect$$rtentry$$0000000A)
    __rt_entry_postsh_1                      0x080001f3   Thumb Code     0  __rtentry2.o(.ARM.Collect$$rtentry$$00000009)
    __rt_entry_main                          0x080001f7   Thumb Code     0  __rtentry2.o(.ARM.Collect$$rtentry$$0000000D)
    __rt_entry_postli_1                      0x080001f7   Thumb Code     0  __rtentry2.o(.ARM.Collect$$rtentry$$0000000C)
    __rt_exit                                0x080001ff   Thumb Code     0  rtexit.o(.ARM.Collect$$rtexit$$00000000)
    __rt_exit_ls                             0x08000201   Thumb Code     0  rtexit2.o(.ARM.Collect$$rtexit$$00000003)
    __rt_exit_prels_1                        0x08000201   Thumb Code     0  rtexit2.o(.ARM.Collect$$rtexit$$00000002)
    __rt_exit_exit                           0x08000205   Thumb Code     0  rtexit2.o(.ARM.Collect$$rtexit$$00000004)
    Reset_Handler                            0x0800020d   Thumb Code     8  startup_stm32f10x_hd.o(.text)
    ADC1_2_IRQHandler                        0x08000227   Thumb Code     0  startup_stm32f10x_hd.o(.text)
    ADC3_IRQHandler                          0x08000227   Thumb Code     0  startup_stm32f10x_hd.o(.text)
    CAN1_RX1_IRQHandler                      0x08000227   Thumb Code     0  startup_stm32f10x_hd.o(.text)
    CAN1_SCE_IRQHandler                      0x08000227   Thumb Code     0  startup_stm32f10x_hd.o(.text)
    DMA1_Channel1_IRQHandler                 0x08000227   Thumb Code     0  startup_stm32f10x_hd.o(.text)
    DMA1_Channel2_IRQHandler                 0x08000227   Thumb Code     0  startup_stm32f10x_hd.o(.text)
    DMA1_Channel3_IRQHandler                 0x08000227   Thumb Code     0  startup_stm32f10x_hd.o(.text)
    DMA1_Channel4_IRQHandler                 0x08000227   Thumb Code     0  startup_stm32f10x_hd.o(.text)
    DMA1_Channel5_IRQHandler                 0x08000227   Thumb Code     0  startup_stm32f10x_hd.o(.text)
    DMA1_Channel6_IRQHandler                 0x08000227   Thumb Code     0  startup_stm32f10x_hd.o(.text)
    DMA1_Channel7_IRQHandler                 0x08000227   Thumb Code     0  startup_stm32f10x_hd.o(.text)
    DMA2_Channel1_IRQHandler                 0x08000227   Thumb Code     0  startup_stm32f10x_hd.o(.text)
    DMA2_Channel2_IRQHandler                 0x08000227   Thumb Code     0  startup_stm32f10x_hd.o(.text)
    DMA2_Channel3_IRQHandler                 0x08000227   Thumb Code     0  startup_stm32f10x_hd.o(.text)
    DMA2_Channel4_5_IRQHandler               0x08000227   Thumb Code     0  startup_stm32f10x_hd.o(.text)
    EXTI0_IRQHandler                         0x08000227   Thumb Code     0  startup_stm32f10x_hd.o(.text)
    EXTI15_10_IRQHandler                     0x08000227   Thumb Code     0  startup_stm32f10x_hd.o(.text)
    EXTI1_IRQHandler                         0x08000227   Thumb Code     0  startup_stm32f10x_hd.o(.text)
    EXTI2_IRQHandler                         0x08000227   Thumb Code     0  startup_stm32f10x_hd.o(.text)
    EXTI3_IRQHandler                         0x08000227   Thumb Code     0  startup_stm32f10x_hd.o(.text)
    EXTI4_IRQHandler                         0x08000227   Thumb Code     0  startup_stm32f10x_hd.o(.text)
    EXTI9_5_IRQHandler                       0x08000227   Thumb Code     0  startup_stm32f10x_hd.o(.text)
    FLASH_IRQHandler                         0x08000227   Thumb Code     0  startup_stm32f10x_hd.o(.text)
    FSMC_IRQHandler                          0x08000227   Thumb Code     0  startup_stm32f10x_hd.o(.text)
    I2C1_ER_IRQHandler                       0x08000227   Thumb Code     0  startup_stm32f10x_hd.o(.text)
    I2C1_EV_IRQHandler                       0x08000227   Thumb Code     0  startup_stm32f10x_hd.o(.text)
    I2C2_ER_IRQHandler                       0x08000227   Thumb Code     0  startup_stm32f10x_hd.o(.text)
    I2C2_EV_IRQHandler                       0x08000227   Thumb Code     0  startup_stm32f10x_hd.o(.text)
    PVD_IRQHandler                           0x08000227   Thumb Code     0  startup_stm32f10x_hd.o(.text)
    RCC_IRQHandler                           0x08000227   Thumb Code     0  startup_stm32f10x_hd.o(.text)
    RTCAlarm_IRQHandler                      0x08000227   Thumb Code     0  startup_stm32f10x_hd.o(.text)
    RTC_IRQHandler                           0x08000227   Thumb Code     0  startup_stm32f10x_hd.o(.text)
    SDIO_IRQHandler                          0x08000227   Thumb Code     0  startup_stm32f10x_hd.o(.text)
    SPI1_IRQHandler                          0x08000227   Thumb Code     0  startup_stm32f10x_hd.o(.text)
    SPI2_IRQHandler                          0x08000227   Thumb Code     0  startup_stm32f10x_hd.o(.text)
    SPI3_IRQHandler                          0x08000227   Thumb Code     0  startup_stm32f10x_hd.o(.text)
    TAMPER_IRQHandler                        0x08000227   Thumb Code     0  startup_stm32f10x_hd.o(.text)
    TIM1_BRK_IRQHandler                      0x08000227   Thumb Code     0  startup_stm32f10x_hd.o(.text)
    TIM1_CC_IRQHandler                       0x08000227   Thumb Code     0  startup_stm32f10x_hd.o(.text)
    TIM1_TRG_COM_IRQHandler                  0x08000227   Thumb Code     0  startup_stm32f10x_hd.o(.text)
    TIM1_UP_IRQHandler                       0x08000227   Thumb Code     0  startup_stm32f10x_hd.o(.text)
    TIM2_IRQHandler                          0x08000227   Thumb Code     0  startup_stm32f10x_hd.o(.text)
    TIM4_IRQHandler                          0x08000227   Thumb Code     0  startup_stm32f10x_hd.o(.text)
    TIM5_IRQHandler                          0x08000227   Thumb Code     0  startup_stm32f10x_hd.o(.text)
    TIM6_IRQHandler                          0x08000227   Thumb Code     0  startup_stm32f10x_hd.o(.text)
    TIM7_IRQHandler                          0x08000227   Thumb Code     0  startup_stm32f10x_hd.o(.text)
    TIM8_BRK_IRQHandler                      0x08000227   Thumb Code     0  startup_stm32f10x_hd.o(.text)
    TIM8_CC_IRQHandler                       0x08000227   Thumb Code     0  startup_stm32f10x_hd.o(.text)
    TIM8_TRG_COM_IRQHandler                  0x08000227   Thumb Code     0  startup_stm32f10x_hd.o(.text)
    TIM8_UP_IRQHandler                       0x08000227   Thumb Code     0  startup_stm32f10x_hd.o(.text)
    UART4_IRQHandler                         0x08000227   Thumb Code     0  startup_stm32f10x_hd.o(.text)
    UART5_IRQHandler                         0x08000227   Thumb Code     0  startup_stm32f10x_hd.o(.text)
    USART2_IRQHandler                        0x08000227   Thumb Code     0  startup_stm32f10x_hd.o(.text)
    USART3_IRQHandler                        0x08000227   Thumb Code     0  startup_stm32f10x_hd.o(.text)
    USBWakeUp_IRQHandler                     0x08000227   Thumb Code     0  startup_stm32f10x_hd.o(.text)
    USB_HP_CAN1_TX_IRQHandler                0x08000227   Thumb Code     0  startup_stm32f10x_hd.o(.text)
    USB_LP_CAN1_RX0_IRQHandler               0x08000227   Thumb Code     0  startup_stm32f10x_hd.o(.text)
    WWDG_IRQHandler                          0x08000227   Thumb Code     0  startup_stm32f10x_hd.o(.text)
    __user_initial_stackheap                 0x08000229   Thumb Code     0  startup_stm32f10x_hd.o(.text)
    main                                     0x0800024d   Thumb Code    26  main.o(.text)
    TIM3_IRQHandler                          0x0800026d   Thumb Code    50  stm32f10x_it.o(.text)
    NMI_Handler                              0x0800029f   Thumb Code     2  stm32f10x_it.o(.text)
    HardFault_Handler                        0x080002a1   Thumb Code     4  stm32f10x_it.o(.text)
    MemManage_Handler                        0x080002a5   Thumb Code     4  stm32f10x_it.o(.text)
    BusFault_Handler                         0x080002a9   Thumb Code     4  stm32f10x_it.o(.text)
    UsageFault_Handler                       0x080002ad   Thumb Code     4  stm32f10x_it.o(.text)
    SVC_Handler                              0x080002b1   Thumb Code     2  stm32f10x_it.o(.text)
    DebugMon_Handler                         0x080002b3   Thumb Code     2  stm32f10x_it.o(.text)
    PendSV_Handler                           0x080002b5   Thumb Code     2  stm32f10x_it.o(.text)
    SysTick_Handler                          0x080002b7   Thumb Code     2  stm32f10x_it.o(.text)
    SystemInit                               0x080003a7   Thumb Code    78  system_stm32f10x.o(.text)
    SystemCoreClockUpdate                    0x080003f5   Thumb Code   142  system_stm32f10x.o(.text)
    delay_init                               0x080004a9   Thumb Code    50  delay.o(.text)
    delay_us                                 0x080004db   Thumb Code    72  delay.o(.text)
    delay_ms                                 0x08000523   Thumb Code    72  delay.o(.text)
    SPI_Flash_ReadID                         0x0800057d   Thumb Code    64  flash.o(.text)
    SPI_Flash_Init                           0x080005bd   Thumb Code    64  flash.o(.text)
    SPI_Flash_ReadSR                         0x080005fd   Thumb Code    36  flash.o(.text)
    SPI_FLASH_Write_SR                       0x08000621   Thumb Code    32  flash.o(.text)
    SPI_FLASH_Write_Enable                   0x08000641   Thumb Code    24  flash.o(.text)
    SPI_FLASH_Write_Disable                  0x08000659   Thumb Code    24  flash.o(.text)
    SPI_Flash_Read                           0x08000671   Thumb Code    74  flash.o(.text)
    SPI_Flash_Wait_Busy                      0x080006bb   Thumb Code    18  flash.o(.text)
    SPI_Flash_Write_Page                     0x080006cd   Thumb Code    80  flash.o(.text)
    SPI_Flash_Write_NoCheck                  0x0800071d   Thumb Code    70  flash.o(.text)
    SPI_Flash_Erase_Sector                   0x08000763   Thumb Code    62  flash.o(.text)
    SPI_Flash_Write                          0x080007a1   Thumb Code   196  flash.o(.text)
    SPI_Flash_Erase_Chip                     0x08000865   Thumb Code    36  flash.o(.text)
    SPI_Flash_PowerDown                      0x08000889   Thumb Code    30  flash.o(.text)
    SPI_Flash_WAKEUP                         0x080008a7   Thumb Code    30  flash.o(.text)
    LCD_WR_REG                               0x080008d5   Thumb Code    28  lcd.o(.text)
    LCD_WR_DATAX                             0x080008f1   Thumb Code    28  lcd.o(.text)
    LCD_RD_DATA                              0x0800090d   Thumb Code    98  lcd.o(.text)
    LCD_WriteReg                             0x0800096f   Thumb Code    40  lcd.o(.text)
    LCD_ReadReg                              0x08000997   Thumb Code    16  lcd.o(.text)
    LCD_WriteRAM_Prepare                     0x080009a7   Thumb Code    12  lcd.o(.text)
    LCD_WriteRAM                             0x080009b3   Thumb Code    28  lcd.o(.text)
    LCD_BGR2RGB                              0x080009cf   Thumb Code    26  lcd.o(.text)
    opt_delay                                0x080009e9   Thumb Code    14  lcd.o(.text)
    LCD_SetCursor                            0x080009f7   Thumb Code   956  lcd.o(.text)
    LCD_ReadPoint                            0x08000db3   Thumb Code   506  lcd.o(.text)
    LCD_DisplayOn                            0x08000fad   Thumb Code    92  lcd.o(.text)
    LCD_DisplayOff                           0x08001009   Thumb Code    90  lcd.o(.text)
    LCD_Scan_Dir                             0x08001063   Thumb Code  1126  lcd.o(.text)
    LCD_DrawPoint                            0x080014c9   Thumb Code    52  lcd.o(.text)
    LCD_Fast_DrawPoint                       0x080014fd   Thumb Code   854  lcd.o(.text)
    LCD_SSD_BackLightSet                     0x08001853   Thumb Code   220  lcd.o(.text)
    LCD_Display_Dir                          0x0800192f   Thumb Code   444  lcd.o(.text)
    LCD_Set_Window                           0x08001aeb   Thumb Code  1078  lcd.o(.text)
    LCD_Clear                                0x08001f21   Thumb Code   122  lcd.o(.text)
    LCD_Init                                 0x08001f9b   Thumb Code 15270  lcd.o(.text)
    LCD_Fill                                 0x08005b41   Thumb Code   200  lcd.o(.text)
    LCD_Color_Fill                           0x08005c09   Thumb Code   116  lcd.o(.text)
    LCD_DrawLine                             0x08005c7d   Thumb Code   176  lcd.o(.text)
    LCD_DrawRectangle                        0x08005d2d   Thumb Code    60  lcd.o(.text)
    LCD_Draw_Circle                          0x08005d69   Thumb Code   152  lcd.o(.text)
    LCD_ShowChar                             0x08005e01   Thumb Code   272  lcd.o(.text)
    LCD_Pow                                  0x08005f11   Thumb Code    22  lcd.o(.text)
    LCD_ShowNum                              0x08005f27   Thumb Code   180  lcd.o(.text)
    LCD_ShowxNum                             0x08005fdb   Thumb Code   190  lcd.o(.text)
    LCD_ShowString                           0x08006099   Thumb Code   102  lcd.o(.text)
    mymemcpy                                 0x08006101   Thumb Code    26  malloc.o(.text)
    mymemset                                 0x0800611b   Thumb Code    20  malloc.o(.text)
    mem_init                                 0x0800612f   Thumb Code    38  malloc.o(.text)
    mem_perused                              0x08006155   Thumb Code    42  malloc.o(.text)
    mem_malloc                               0x0800617f   Thumb Code   116  malloc.o(.text)
    mem_free                                 0x080061f3   Thumb Code    66  malloc.o(.text)
    myfree                                   0x08006235   Thumb Code    24  malloc.o(.text)
    mymalloc                                 0x0800624d   Thumb Code    28  malloc.o(.text)
    myrealloc                                0x08006269   Thumb Code    50  malloc.o(.text)
    SD_SPI_ReadWriteByte                     0x080062a1   Thumb Code    12  mmc_sd.o(.text)
    SD_SPI_SpeedLow                          0x080062ad   Thumb Code    10  mmc_sd.o(.text)
    SD_SPI_SpeedHigh                         0x080062b7   Thumb Code    10  mmc_sd.o(.text)
    SD_SPI_Init                              0x080062c1   Thumb Code    56  mmc_sd.o(.text)
    SD_DisSelect                             0x080062f9   Thumb Code    16  mmc_sd.o(.text)
    SD_WaitReady                             0x08006309   Thumb Code    34  mmc_sd.o(.text)
    SD_Select                                0x0800632b   Thumb Code    26  mmc_sd.o(.text)
    SD_GetResponse                           0x08006345   Thumb Code    38  mmc_sd.o(.text)
    SD_RecvData                              0x0800636b   Thumb Code    56  mmc_sd.o(.text)
    SD_SendBlock                             0x080063a3   Thumb Code    82  mmc_sd.o(.text)
    SD_SendCmd                               0x080063f5   Thumb Code   120  mmc_sd.o(.text)
    SD_GetCID                                0x0800646d   Thumb Code    42  mmc_sd.o(.text)
    SD_GetCSD                                0x08006497   Thumb Code    42  mmc_sd.o(.text)
    SD_GetSectorCount                        0x080064c1   Thumb Code   118  mmc_sd.o(.text)
    SD_Initialize                            0x08006537   Thumb Code   398  mmc_sd.o(.text)
    SD_ReadDisk                              0x080066c5   Thumb Code   112  mmc_sd.o(.text)
    SD_WriteDisk                             0x08006735   Thumb Code   140  mmc_sd.o(.text)
    SPI1_ReadWriteByte                       0x080067c5   Thumb Code    78  spi.o(.text)
    SPI1_Init                                0x08006813   Thumb Code   108  spi.o(.text)
    SPI1_SetSpeed                            0x0800687f   Thumb Code    34  spi.o(.text)
    _sys_exit                                0x080068ad   Thumb Code     6  usart.o(.text)
    fputc                                    0x080068b3   Thumb Code    24  usart.o(.text)
    uart_init                                0x080068cb   Thumb Code   124  usart.o(.text)
    USART1_IRQHandler                        0x08006947   Thumb Code   144  usart.o(.text)
    PS2_Init                                 0x080069f1   Thumb Code    64  pstwo.o(.text)
    PS2_Cmd                                  0x08006a31   Thumb Code   130  pstwo.o(.text)
    PS2_RedLight                             0x08006ab3   Thumb Code    50  pstwo.o(.text)
    PS2_ReadData                             0x08006ae5   Thumb Code   168  pstwo.o(.text)
    PS2_ClearData                            0x08006b8d   Thumb Code    20  pstwo.o(.text)
    PS2_DataKey                              0x08006ba1   Thumb Code    70  pstwo.o(.text)
    PS2_AnologData                           0x08006be7   Thumb Code     8  pstwo.o(.text)
    PS2_Vibration                            0x08006bef   Thumb Code    90  pstwo.o(.text)
    PS2_ShortPoll                            0x08006c49   Thumb Code    62  pstwo.o(.text)
    PS2_EnterConfing                         0x08006c87   Thumb Code    86  pstwo.o(.text)
    PS2_TurnOnAnalogMode                     0x08006cdd   Thumb Code    80  pstwo.o(.text)
    PS2_VibrationMode                        0x08006d2d   Thumb Code    62  pstwo.o(.text)
    PS2_ExitConfing                          0x08006d6b   Thumb Code    86  pstwo.o(.text)
    PS2_SetInit                              0x08006dc1   Thumb Code    32  pstwo.o(.text)
    Timer3_Init                              0x08006dfd   Thumb Code    86  timer3.o(.text)
    fupd_prog                                0x08006e61   Thumb Code   134  fontupd.o(.text)
    updata_fontx                             0x08006ee7   Thumb Code   340  fontupd.o(.text)
    update_font                              0x0800703b   Thumb Code   330  fontupd.o(.text)
    font_init                                0x08007185   Thumb Code    34  fontupd.o(.text)
    Get_HzMat                                0x08007225   Thumb Code   220  text.o(.text)
    Show_Font                                0x08007301   Thumb Code   190  text.o(.text)
    Show_Str                                 0x080073bf   Thumb Code   192  text.o(.text)
    Show_Str_Mid                             0x0800747f   Thumb Code   106  text.o(.text)
    disk_initialize                          0x080074f9   Thumb Code    88  diskio.o(.text)
    disk_status                              0x08007551   Thumb Code     6  diskio.o(.text)
    disk_read                                0x08007557   Thumb Code   118  diskio.o(.text)
    disk_write                               0x080075cd   Thumb Code    98  diskio.o(.text)
    disk_ioctl                               0x0800762f   Thumb Code   154  diskio.o(.text)
    get_fattime                              0x080076c9   Thumb Code     4  diskio.o(.text)
    ff_memalloc                              0x080076cd   Thumb Code    12  diskio.o(.text)
    ff_memfree                               0x080076d9   Thumb Code    12  diskio.o(.text)
    clust2sect                               0x0800789f   Thumb Code    26  ff.o(.text)
    get_fat                                  0x080078b9   Thumb Code   232  ff.o(.text)
    put_fat                                  0x080079a1   Thumb Code   310  ff.o(.text)
    f_mount                                  0x08008cb3   Thumb Code    86  ff.o(.text)
    f_open                                   0x08008d09   Thumb Code   384  ff.o(.text)
    f_read                                   0x08008e89   Thumb Code   450  ff.o(.text)
    f_write                                  0x0800904b   Thumb Code   498  ff.o(.text)
    f_sync                                   0x0800923d   Thumb Code   176  ff.o(.text)
    f_close                                  0x080092ed   Thumb Code    32  ff.o(.text)
    f_lseek                                  0x0800930d   Thumb Code   654  ff.o(.text)
    f_opendir                                0x0800959b   Thumb Code   136  ff.o(.text)
    f_closedir                               0x08009623   Thumb Code    22  ff.o(.text)
    f_readdir                                0x08009639   Thumb Code   114  ff.o(.text)
    f_stat                                   0x080096ab   Thumb Code    84  ff.o(.text)
    f_getfree                                0x080096ff   Thumb Code   258  ff.o(.text)
    f_truncate                               0x08009801   Thumb Code   184  ff.o(.text)
    f_unlink                                 0x080098b9   Thumb Code   194  ff.o(.text)
    f_mkdir                                  0x0800997b   Thumb Code   380  ff.o(.text)
    f_chmod                                  0x08009af7   Thumb Code   112  ff.o(.text)
    f_utime                                  0x08009b67   Thumb Code   110  ff.o(.text)
    f_rename                                 0x08009bd5   Thumb Code   314  ff.o(.text)
    f_getlabel                               0x08009d0f   Thumb Code   190  ff.o(.text)
    f_setlabel                               0x08009dcd   Thumb Code   470  ff.o(.text)
    f_mkfs                                   0x08009fa3   Thumb Code  1570  ff.o(.text)
    f_gets                                   0x0800a5c5   Thumb Code    82  ff.o(.text)
    f_putc                                   0x0800a65b   Thumb Code    64  ff.o(.text)
    f_puts                                   0x0800a69b   Thumb Code    74  ff.o(.text)
    f_printf                                 0x0800a6e5   Thumb Code   674  ff.o(.text)
    exfuns_init                              0x0800a989   Thumb Code   100  exfuns.o(.text)
    char_upper                               0x0800a9ed   Thumb Code    26  exfuns.o(.text)
    f_typetell                               0x0800aa07   Thumb Code   188  exfuns.o(.text)
    exf_getfree                              0x0800aac3   Thumb Code    74  exfuns.o(.text)
    ff_convert                               0x0800ab21   Thumb Code   146  mycc936.o(.text)
    ff_wtoupper                              0x0800abb3   Thumb Code    46  mycc936.o(.text)
    Nvic_Init                                0x0800abed   Thumb Code    70  tasks.o(.text)
    BSP_Int                                  0x0800ac33   Thumb Code    82  tasks.o(.text)
    Task_10HZ                                0x0800ac85   Thumb Code   518  tasks.o(.text)
    do_crc                                   0x0800af29   Thumb Code    46  protocol.o(.text)
    Status_Get                               0x0800af57   Thumb Code    90  protocol.o(.text)
    Send_Command                             0x0800afb1   Thumb Code   168  protocol.o(.text)
    NVIC_PriorityGroupConfig                 0x0800b091   Thumb Code    10  misc.o(.text)
    NVIC_Init                                0x0800b09b   Thumb Code   100  misc.o(.text)
    NVIC_SetVectorTable                      0x0800b0ff   Thumb Code    14  misc.o(.text)
    NVIC_SystemLPConfig                      0x0800b10d   Thumb Code    34  misc.o(.text)
    SysTick_CLKSourceConfig                  0x0800b12f   Thumb Code    40  misc.o(.text)
    GPIO_DeInit                              0x0800b16d   Thumb Code   172  stm32f10x_gpio.o(.text)
    GPIO_AFIODeInit                          0x0800b219   Thumb Code    20  stm32f10x_gpio.o(.text)
    GPIO_Init                                0x0800b22d   Thumb Code   278  stm32f10x_gpio.o(.text)
    GPIO_StructInit                          0x0800b343   Thumb Code    16  stm32f10x_gpio.o(.text)
    GPIO_ReadInputDataBit                    0x0800b353   Thumb Code    18  stm32f10x_gpio.o(.text)
    GPIO_ReadInputData                       0x0800b365   Thumb Code     8  stm32f10x_gpio.o(.text)
    GPIO_ReadOutputDataBit                   0x0800b36d   Thumb Code    18  stm32f10x_gpio.o(.text)
    GPIO_ReadOutputData                      0x0800b37f   Thumb Code     8  stm32f10x_gpio.o(.text)
    GPIO_SetBits                             0x0800b387   Thumb Code     4  stm32f10x_gpio.o(.text)
    GPIO_ResetBits                           0x0800b38b   Thumb Code     4  stm32f10x_gpio.o(.text)
    GPIO_WriteBit                            0x0800b38f   Thumb Code    10  stm32f10x_gpio.o(.text)
    GPIO_Write                               0x0800b399   Thumb Code     4  stm32f10x_gpio.o(.text)
    GPIO_PinLockConfig                       0x0800b39d   Thumb Code    18  stm32f10x_gpio.o(.text)
    GPIO_EventOutputConfig                   0x0800b3af   Thumb Code    26  stm32f10x_gpio.o(.text)
    GPIO_EventOutputCmd                      0x0800b3c9   Thumb Code     6  stm32f10x_gpio.o(.text)
    GPIO_PinRemapConfig                      0x0800b3cf   Thumb Code   138  stm32f10x_gpio.o(.text)
    GPIO_EXTILineConfig                      0x0800b459   Thumb Code    66  stm32f10x_gpio.o(.text)
    GPIO_ETH_MediaInterfaceConfig            0x0800b49b   Thumb Code     8  stm32f10x_gpio.o(.text)
    RCC_DeInit                               0x0800b4c9   Thumb Code    64  stm32f10x_rcc.o(.text)
    RCC_HSEConfig                            0x0800b509   Thumb Code    70  stm32f10x_rcc.o(.text)
    RCC_GetFlagStatus                        0x0800b54f   Thumb Code    56  stm32f10x_rcc.o(.text)
    RCC_WaitForHSEStartUp                    0x0800b587   Thumb Code    56  stm32f10x_rcc.o(.text)
    RCC_AdjustHSICalibrationValue            0x0800b5bf   Thumb Code    20  stm32f10x_rcc.o(.text)
    RCC_HSICmd                               0x0800b5d3   Thumb Code     6  stm32f10x_rcc.o(.text)
    RCC_PLLConfig                            0x0800b5d9   Thumb Code    24  stm32f10x_rcc.o(.text)
    RCC_PLLCmd                               0x0800b5f1   Thumb Code     6  stm32f10x_rcc.o(.text)
    RCC_SYSCLKConfig                         0x0800b5f7   Thumb Code    18  stm32f10x_rcc.o(.text)
    RCC_GetSYSCLKSource                      0x0800b609   Thumb Code    10  stm32f10x_rcc.o(.text)
    RCC_HCLKConfig                           0x0800b613   Thumb Code    18  stm32f10x_rcc.o(.text)
    RCC_PCLK1Config                          0x0800b625   Thumb Code    18  stm32f10x_rcc.o(.text)
    RCC_PCLK2Config                          0x0800b637   Thumb Code    20  stm32f10x_rcc.o(.text)
    RCC_ITConfig                             0x0800b64b   Thumb Code    26  stm32f10x_rcc.o(.text)
    RCC_USBCLKConfig                         0x0800b665   Thumb Code     8  stm32f10x_rcc.o(.text)
    RCC_ADCCLKConfig                         0x0800b66d   Thumb Code    18  stm32f10x_rcc.o(.text)
    RCC_LSEConfig                            0x0800b67f   Thumb Code    50  stm32f10x_rcc.o(.text)
    RCC_LSICmd                               0x0800b6b1   Thumb Code     6  stm32f10x_rcc.o(.text)
    RCC_RTCCLKConfig                         0x0800b6b7   Thumb Code    12  stm32f10x_rcc.o(.text)
    RCC_RTCCLKCmd                            0x0800b6c3   Thumb Code     8  stm32f10x_rcc.o(.text)
    RCC_GetClocksFreq                        0x0800b6cb   Thumb Code   192  stm32f10x_rcc.o(.text)
    RCC_AHBPeriphClockCmd                    0x0800b78b   Thumb Code    26  stm32f10x_rcc.o(.text)
    RCC_APB2PeriphClockCmd                   0x0800b7a5   Thumb Code    26  stm32f10x_rcc.o(.text)
    RCC_APB1PeriphClockCmd                   0x0800b7bf   Thumb Code    26  stm32f10x_rcc.o(.text)
    RCC_APB2PeriphResetCmd                   0x0800b7d9   Thumb Code    26  stm32f10x_rcc.o(.text)
    RCC_APB1PeriphResetCmd                   0x0800b7f3   Thumb Code    26  stm32f10x_rcc.o(.text)
    RCC_BackupResetCmd                       0x0800b80d   Thumb Code     8  stm32f10x_rcc.o(.text)
    RCC_ClockSecuritySystemCmd               0x0800b815   Thumb Code     6  stm32f10x_rcc.o(.text)
    RCC_MCOConfig                            0x0800b81b   Thumb Code     6  stm32f10x_rcc.o(.text)
    RCC_ClearFlag                            0x0800b821   Thumb Code    14  stm32f10x_rcc.o(.text)
    RCC_GetITStatus                          0x0800b82f   Thumb Code    20  stm32f10x_rcc.o(.text)
    RCC_ClearITPendingBit                    0x0800b843   Thumb Code     6  stm32f10x_rcc.o(.text)
    SPI_I2S_DeInit                           0x0800b86d   Thumb Code    76  stm32f10x_spi.o(.text)
    SPI_Init                                 0x0800b8b9   Thumb Code    60  stm32f10x_spi.o(.text)
    I2S_Init                                 0x0800b8f5   Thumb Code   226  stm32f10x_spi.o(.text)
    SPI_StructInit                           0x0800b9d7   Thumb Code    24  stm32f10x_spi.o(.text)
    I2S_StructInit                           0x0800b9ef   Thumb Code    20  stm32f10x_spi.o(.text)
    SPI_Cmd                                  0x0800ba03   Thumb Code    24  stm32f10x_spi.o(.text)
    I2S_Cmd                                  0x0800ba1b   Thumb Code    24  stm32f10x_spi.o(.text)
    SPI_I2S_ITConfig                         0x0800ba33   Thumb Code    32  stm32f10x_spi.o(.text)
    SPI_I2S_DMACmd                           0x0800ba53   Thumb Code    18  stm32f10x_spi.o(.text)
    SPI_I2S_SendData                         0x0800ba65   Thumb Code     4  stm32f10x_spi.o(.text)
    SPI_I2S_ReceiveData                      0x0800ba69   Thumb Code     6  stm32f10x_spi.o(.text)
    SPI_NSSInternalSoftwareConfig            0x0800ba6f   Thumb Code    30  stm32f10x_spi.o(.text)
    SPI_SSOutputCmd                          0x0800ba8d   Thumb Code    24  stm32f10x_spi.o(.text)
    SPI_DataSizeConfig                       0x0800baa5   Thumb Code    18  stm32f10x_spi.o(.text)
    SPI_TransmitCRC                          0x0800bab7   Thumb Code    10  stm32f10x_spi.o(.text)
    SPI_CalculateCRC                         0x0800bac1   Thumb Code    24  stm32f10x_spi.o(.text)
    SPI_GetCRC                               0x0800bad9   Thumb Code    16  stm32f10x_spi.o(.text)
    SPI_GetCRCPolynomial                     0x0800bae9   Thumb Code     6  stm32f10x_spi.o(.text)
    SPI_BiDirectionalLineConfig              0x0800baef   Thumb Code    28  stm32f10x_spi.o(.text)
    SPI_I2S_GetFlagStatus                    0x0800bb0b   Thumb Code    18  stm32f10x_spi.o(.text)
    SPI_I2S_ClearFlag                        0x0800bb1d   Thumb Code     6  stm32f10x_spi.o(.text)
    SPI_I2S_GetITStatus                      0x0800bb23   Thumb Code    52  stm32f10x_spi.o(.text)
    SPI_I2S_ClearITPendingBit                0x0800bb57   Thumb Code    20  stm32f10x_spi.o(.text)
    TIM_DeInit                               0x0800bb79   Thumb Code   424  stm32f10x_tim.o(.text)
    TIM_TimeBaseInit                         0x0800bd21   Thumb Code   122  stm32f10x_tim.o(.text)
    TIM_OC1Init                              0x0800bd9b   Thumb Code   132  stm32f10x_tim.o(.text)
    TIM_OC2Init                              0x0800be1f   Thumb Code   154  stm32f10x_tim.o(.text)
    TIM_OC3Init                              0x0800beb9   Thumb Code   150  stm32f10x_tim.o(.text)
    TIM_OC4Init                              0x0800bf4f   Thumb Code   182  stm32f10x_tim.o(.text)
    TIM_SetIC4Prescaler                      0x0800c005   Thumb Code    26  stm32f10x_tim.o(.text)
    TIM_SetIC3Prescaler                      0x0800c0a1   Thumb Code    18  stm32f10x_tim.o(.text)
    TIM_SetIC2Prescaler                      0x0800c12d   Thumb Code    26  stm32f10x_tim.o(.text)
    TIM_SetIC1Prescaler                      0x0800c1c9   Thumb Code    18  stm32f10x_tim.o(.text)
    TIM_ICInit                               0x0800c247   Thumb Code   150  stm32f10x_tim.o(.text)
    TIM_PWMIConfig                           0x0800c2dd   Thumb Code   124  stm32f10x_tim.o(.text)
    TIM_BDTRConfig                           0x0800c359   Thumb Code    32  stm32f10x_tim.o(.text)
    TIM_TimeBaseStructInit                   0x0800c379   Thumb Code    18  stm32f10x_tim.o(.text)
    TIM_OCStructInit                         0x0800c38b   Thumb Code    20  stm32f10x_tim.o(.text)
    TIM_ICStructInit                         0x0800c39f   Thumb Code    18  stm32f10x_tim.o(.text)
    TIM_BDTRStructInit                       0x0800c3b1   Thumb Code    40  stm32f10x_tim.o(.text)
    TIM_Cmd                                  0x0800c3d9   Thumb Code    24  stm32f10x_tim.o(.text)
    TIM_CtrlPWMOutputs                       0x0800c3f1   Thumb Code    30  stm32f10x_tim.o(.text)
    TIM_ITConfig                             0x0800c40f   Thumb Code    18  stm32f10x_tim.o(.text)
    TIM_GenerateEvent                        0x0800c421   Thumb Code     4  stm32f10x_tim.o(.text)
    TIM_DMAConfig                            0x0800c425   Thumb Code    10  stm32f10x_tim.o(.text)
    TIM_DMACmd                               0x0800c42f   Thumb Code    18  stm32f10x_tim.o(.text)
    TIM_InternalClockConfig                  0x0800c441   Thumb Code    12  stm32f10x_tim.o(.text)
    TIM_SelectInputTrigger                   0x0800c44d   Thumb Code    18  stm32f10x_tim.o(.text)
    TIM_ITRxExternalClockConfig              0x0800c45f   Thumb Code    24  stm32f10x_tim.o(.text)
    TIM_TIxExternalClockConfig               0x0800c477   Thumb Code    62  stm32f10x_tim.o(.text)
    TIM_ETRConfig                            0x0800c4b5   Thumb Code    28  stm32f10x_tim.o(.text)
    TIM_ETRClockMode1Config                  0x0800c4d1   Thumb Code    54  stm32f10x_tim.o(.text)
    TIM_ETRClockMode2Config                  0x0800c507   Thumb Code    32  stm32f10x_tim.o(.text)
    TIM_PrescalerConfig                      0x0800c527   Thumb Code     6  stm32f10x_tim.o(.text)
    TIM_CounterModeConfig                    0x0800c52d   Thumb Code    18  stm32f10x_tim.o(.text)
    TIM_EncoderInterfaceConfig               0x0800c53f   Thumb Code    66  stm32f10x_tim.o(.text)
    TIM_ForcedOC1Config                      0x0800c581   Thumb Code    18  stm32f10x_tim.o(.text)
    TIM_ForcedOC2Config                      0x0800c593   Thumb Code    26  stm32f10x_tim.o(.text)
    TIM_ForcedOC3Config                      0x0800c5ad   Thumb Code    18  stm32f10x_tim.o(.text)
    TIM_ForcedOC4Config                      0x0800c5bf   Thumb Code    26  stm32f10x_tim.o(.text)
    TIM_ARRPreloadConfig                     0x0800c5d9   Thumb Code    24  stm32f10x_tim.o(.text)
    TIM_SelectCOM                            0x0800c5f1   Thumb Code    24  stm32f10x_tim.o(.text)
    TIM_SelectCCDMA                          0x0800c609   Thumb Code    24  stm32f10x_tim.o(.text)
    TIM_CCPreloadControl                     0x0800c621   Thumb Code    24  stm32f10x_tim.o(.text)
    TIM_OC1PreloadConfig                     0x0800c639   Thumb Code    18  stm32f10x_tim.o(.text)
    TIM_OC2PreloadConfig                     0x0800c64b   Thumb Code    26  stm32f10x_tim.o(.text)
    TIM_OC3PreloadConfig                     0x0800c665   Thumb Code    18  stm32f10x_tim.o(.text)
    TIM_OC4PreloadConfig                     0x0800c677   Thumb Code    26  stm32f10x_tim.o(.text)
    TIM_OC1FastConfig                        0x0800c691   Thumb Code    18  stm32f10x_tim.o(.text)
    TIM_OC2FastConfig                        0x0800c6a3   Thumb Code    26  stm32f10x_tim.o(.text)
    TIM_OC3FastConfig                        0x0800c6bd   Thumb Code    18  stm32f10x_tim.o(.text)
    TIM_OC4FastConfig                        0x0800c6cf   Thumb Code    26  stm32f10x_tim.o(.text)
    TIM_ClearOC1Ref                          0x0800c6e9   Thumb Code    18  stm32f10x_tim.o(.text)
    TIM_ClearOC2Ref                          0x0800c6fb   Thumb Code    24  stm32f10x_tim.o(.text)
    TIM_ClearOC3Ref                          0x0800c713   Thumb Code    18  stm32f10x_tim.o(.text)
    TIM_ClearOC4Ref                          0x0800c725   Thumb Code    24  stm32f10x_tim.o(.text)
    TIM_OC1PolarityConfig                    0x0800c73d   Thumb Code    18  stm32f10x_tim.o(.text)
    TIM_OC1NPolarityConfig                   0x0800c74f   Thumb Code    18  stm32f10x_tim.o(.text)
    TIM_OC2PolarityConfig                    0x0800c761   Thumb Code    26  stm32f10x_tim.o(.text)
    TIM_OC2NPolarityConfig                   0x0800c77b   Thumb Code    26  stm32f10x_tim.o(.text)
    TIM_OC3PolarityConfig                    0x0800c795   Thumb Code    26  stm32f10x_tim.o(.text)
    TIM_OC3NPolarityConfig                   0x0800c7af   Thumb Code    26  stm32f10x_tim.o(.text)
    TIM_OC4PolarityConfig                    0x0800c7c9   Thumb Code    26  stm32f10x_tim.o(.text)
    TIM_CCxCmd                               0x0800c7e3   Thumb Code    30  stm32f10x_tim.o(.text)
    TIM_CCxNCmd                              0x0800c801   Thumb Code    30  stm32f10x_tim.o(.text)
    TIM_SelectOCxM                           0x0800c81f   Thumb Code    82  stm32f10x_tim.o(.text)
    TIM_UpdateDisableConfig                  0x0800c871   Thumb Code    24  stm32f10x_tim.o(.text)
    TIM_UpdateRequestConfig                  0x0800c889   Thumb Code    24  stm32f10x_tim.o(.text)
    TIM_SelectHallSensor                     0x0800c8a1   Thumb Code    24  stm32f10x_tim.o(.text)
    TIM_SelectOnePulseMode                   0x0800c8b9   Thumb Code    18  stm32f10x_tim.o(.text)
    TIM_SelectOutputTrigger                  0x0800c8cb   Thumb Code    18  stm32f10x_tim.o(.text)
    TIM_SelectSlaveMode                      0x0800c8dd   Thumb Code    18  stm32f10x_tim.o(.text)
    TIM_SelectMasterSlaveMode                0x0800c8ef   Thumb Code    18  stm32f10x_tim.o(.text)
    TIM_SetCounter                           0x0800c901   Thumb Code     4  stm32f10x_tim.o(.text)
    TIM_SetAutoreload                        0x0800c905   Thumb Code     4  stm32f10x_tim.o(.text)
    TIM_SetCompare1                          0x0800c909   Thumb Code     4  stm32f10x_tim.o(.text)
    TIM_SetCompare2                          0x0800c90d   Thumb Code     4  stm32f10x_tim.o(.text)
    TIM_SetCompare3                          0x0800c911   Thumb Code     4  stm32f10x_tim.o(.text)
    TIM_SetCompare4                          0x0800c915   Thumb Code     6  stm32f10x_tim.o(.text)
    TIM_SetClockDivision                     0x0800c91b   Thumb Code    18  stm32f10x_tim.o(.text)
    TIM_GetCapture1                          0x0800c92d   Thumb Code     6  stm32f10x_tim.o(.text)
    TIM_GetCapture2                          0x0800c933   Thumb Code     6  stm32f10x_tim.o(.text)
    TIM_GetCapture3                          0x0800c939   Thumb Code     6  stm32f10x_tim.o(.text)
    TIM_GetCapture4                          0x0800c93f   Thumb Code     8  stm32f10x_tim.o(.text)
    TIM_GetCounter                           0x0800c947   Thumb Code     6  stm32f10x_tim.o(.text)
    TIM_GetPrescaler                         0x0800c94d   Thumb Code     6  stm32f10x_tim.o(.text)
    TIM_GetFlagStatus                        0x0800c953   Thumb Code    18  stm32f10x_tim.o(.text)
    TIM_ClearFlag                            0x0800c965   Thumb Code     6  stm32f10x_tim.o(.text)
    TIM_GetITStatus                          0x0800c96b   Thumb Code    34  stm32f10x_tim.o(.text)
    TIM_ClearITPendingBit                    0x0800c98d   Thumb Code     6  stm32f10x_tim.o(.text)
    USART_DeInit                             0x0800c995   Thumb Code   134  stm32f10x_usart.o(.text)
    USART_Init                               0x0800ca1b   Thumb Code   210  stm32f10x_usart.o(.text)
    USART_StructInit                         0x0800caed   Thumb Code    24  stm32f10x_usart.o(.text)
    USART_ClockInit                          0x0800cb05   Thumb Code    34  stm32f10x_usart.o(.text)
    USART_ClockStructInit                    0x0800cb27   Thumb Code    12  stm32f10x_usart.o(.text)
    USART_Cmd                                0x0800cb33   Thumb Code    24  stm32f10x_usart.o(.text)
    USART_ITConfig                           0x0800cb4b   Thumb Code    74  stm32f10x_usart.o(.text)
    USART_DMACmd                             0x0800cb95   Thumb Code    18  stm32f10x_usart.o(.text)
    USART_SetAddress                         0x0800cba7   Thumb Code    18  stm32f10x_usart.o(.text)
    USART_WakeUpConfig                       0x0800cbb9   Thumb Code    18  stm32f10x_usart.o(.text)
    USART_ReceiverWakeUpCmd                  0x0800cbcb   Thumb Code    24  stm32f10x_usart.o(.text)
    USART_LINBreakDetectLengthConfig         0x0800cbe3   Thumb Code    18  stm32f10x_usart.o(.text)
    USART_LINCmd                             0x0800cbf5   Thumb Code    24  stm32f10x_usart.o(.text)
    USART_SendData                           0x0800cc0d   Thumb Code     8  stm32f10x_usart.o(.text)
    USART_ReceiveData                        0x0800cc15   Thumb Code    10  stm32f10x_usart.o(.text)
    USART_SendBreak                          0x0800cc1f   Thumb Code    10  stm32f10x_usart.o(.text)
    USART_SetGuardTime                       0x0800cc29   Thumb Code    16  stm32f10x_usart.o(.text)
    USART_SetPrescaler                       0x0800cc39   Thumb Code    16  stm32f10x_usart.o(.text)
    USART_SmartCardCmd                       0x0800cc49   Thumb Code    24  stm32f10x_usart.o(.text)
    USART_SmartCardNACKCmd                   0x0800cc61   Thumb Code    24  stm32f10x_usart.o(.text)
    USART_HalfDuplexCmd                      0x0800cc79   Thumb Code    24  stm32f10x_usart.o(.text)
    USART_OverSampling8Cmd                   0x0800cc91   Thumb Code    22  stm32f10x_usart.o(.text)
    USART_OneBitMethodCmd                    0x0800cca7   Thumb Code    24  stm32f10x_usart.o(.text)
    USART_IrDAConfig                         0x0800ccbf   Thumb Code    18  stm32f10x_usart.o(.text)
    USART_IrDACmd                            0x0800ccd1   Thumb Code    24  stm32f10x_usart.o(.text)
    USART_GetFlagStatus                      0x0800cce9   Thumb Code    26  stm32f10x_usart.o(.text)
    USART_ClearFlag                          0x0800cd03   Thumb Code    18  stm32f10x_usart.o(.text)
    USART_GetITStatus                        0x0800cd15   Thumb Code    84  stm32f10x_usart.o(.text)
    USART_ClearITPendingBit                  0x0800cd69   Thumb Code    52  stm32f10x_usart.o(.text)
    __use_no_semihosting                     0x0800cd9d   Thumb Code     2  use_no_semi_2.o(.text)
    strcpy                                   0x0800cd9f   Thumb Code    72  strcpy.o(.text)
    strlen                                   0x0800cde7   Thumb Code    62  strlen.o(.text)
    strcmp                                   0x0800ce25   Thumb Code   128  strcmpv7m.o(.text)
    __use_two_region_memory                  0x0800cea5   Thumb Code     2  heapauxi.o(.text)
    __rt_heap_escrow$2region                 0x0800cea7   Thumb Code     2  heapauxi.o(.text)
    __rt_heap_expand$2region                 0x0800cea9   Thumb Code     2  heapauxi.o(.text)
    __I$use$semihosting                      0x0800ceab   Thumb Code     0  use_no_semi.o(.text)
    __use_no_semihosting_swi                 0x0800ceab   Thumb Code     2  use_no_semi.o(.text)
    __user_setup_stackheap                   0x0800cead   Thumb Code    74  sys_stackheap_outer.o(.text)
    exit                                     0x0800cef7   Thumb Code    12  exit.o(.text)
    __user_libspace                          0x0800cf05   Thumb Code     8  libspace.o(.text)
    __user_perproc_libspace                  0x0800cf05   Thumb Code     0  libspace.o(.text)
    __user_perthread_libspace                0x0800cf05   Thumb Code     0  libspace.o(.text)
    __aeabi_d2uiz                            0x0800cf0d   Thumb Code     0  dfixu.o(x$fpl$dfixu)
    _dfixu                                   0x0800cf0d   Thumb Code    90  dfixu.o(x$fpl$dfixu)
    __aeabi_ui2d                             0x0800cf67   Thumb Code     0  dflt_clz.o(x$fpl$dfltu)
    _dfltu                                   0x0800cf67   Thumb Code    38  dflt_clz.o(x$fpl$dfltu)
    __aeabi_dmul                             0x0800cf8d   Thumb Code     0  dmul.o(x$fpl$dmul)
    _dmul                                    0x0800cf8d   Thumb Code   332  dmul.o(x$fpl$dmul)
    __fpl_dnaninf                            0x0800d0e1   Thumb Code   156  dnaninf.o(x$fpl$dnaninf)
    __fpl_dretinf                            0x0800d17d   Thumb Code    12  dretinf.o(x$fpl$dretinf)
    __fpl_fcmp_Inf                           0x0800d189   Thumb Code    24  fcmpi.o(x$fpl$fcmpinf)
    __aeabi_fdiv                             0x0800d1a1   Thumb Code     0  fdiv.o(x$fpl$fdiv)
    _fdiv                                    0x0800d1a1   Thumb Code   384  fdiv.o(x$fpl$fdiv)
    __aeabi_cfcmpeq                          0x0800d325   Thumb Code     0  feqf.o(x$fpl$feqf)
    _fcmpeq                                  0x0800d325   Thumb Code   104  feqf.o(x$fpl$feqf)
    __aeabi_f2uiz                            0x0800d38d   Thumb Code     0  ffixu.o(x$fpl$ffixu)
    _ffixu                                   0x0800d38d   Thumb Code    62  ffixu.o(x$fpl$ffixu)
    __aeabi_ui2f                             0x0800d3cd   Thumb Code     0  fflt_clz.o(x$fpl$ffltu)
    _ffltu                                   0x0800d3cd   Thumb Code    38  fflt_clz.o(x$fpl$ffltu)
    __aeabi_fmul                             0x0800d3f5   Thumb Code     0  fmul.o(x$fpl$fmul)
    _fmul                                    0x0800d3f5   Thumb Code   258  fmul.o(x$fpl$fmul)
    __fpl_fnaninf                            0x0800d4f7   Thumb Code   140  fnaninf.o(x$fpl$fnaninf)
    __fpl_fretinf                            0x0800d583   Thumb Code    10  fretinf.o(x$fpl$fretinf)
    __I$use$fp                               0x0800d58c   Number         0  usenofp.o(x$fpl$usenofp)
    asc2_1206                                0x0800d58c   Data        1140  lcd.o(.constdata)
    asc2_1608                                0x0800da00   Data        1520  lcd.o(.constdata)
    asc2_2412                                0x0800dff0   Data        3420  lcd.o(.constdata)
    Region$$Table$$Base                      0x0800f21c   Number         0  anon$$obj.o(Region$$Table)
    Region$$Table$$Limit                     0x0800f23c   Number         0  anon$$obj.o(Region$$Table)
    Count_100ms                              0x20000000   Data           1  stm32f10x_it.o(.data)
    SystemCoreClock                          0x20000004   Data           4  system_stm32f10x.o(.data)
    AHBPrescTable                            0x20000008   Data          16  system_stm32f10x.o(.data)
    SPI_FLASH_TYPE                           0x2000001c   Data           2  flash.o(.data)
    POINT_COLOR                              0x2000001e   Data           2  lcd.o(.data)
    BACK_COLOR                               0x20000020   Data           2  lcd.o(.data)
    mallco_dev                               0x20000024   Data          20  malloc.o(.data)
    SD_Type                                  0x20000038   Data           1  mmc_sd.o(.data)
    __stdout                                 0x2000003c   Data           4  usart.o(.data)
    state_machine                            0x20000040   Data           1  usart.o(.data)
    lencnt                                   0x20000041   Data           1  usart.o(.data)
    Handkey                                  0x20000042   Data           2  pstwo.o(.data)
    Comd                                     0x20000044   Data           2  pstwo.o(.data)
    MASK                                     0x20000046   Data          32  pstwo.o(.data)
    Timer3_Count                             0x20000068   Data           4  timer3.o(.data)
    Timer3_Frequency                         0x2000006c   Data           2  timer3.o(.data)
    GBK24_PATH                               0x20000070   Data           4  fontupd.o(.data)
    GBK16_PATH                               0x20000074   Data           4  fontupd.o(.data)
    GBK12_PATH                               0x20000078   Data           4  fontupd.o(.data)
    UNIGBK_PATH                              0x2000007c   Data           4  fontupd.o(.data)
    FLASH_SECTOR_COUNT                       0x20000080   Data           2  diskio.o(.data)
    FILE_TYPE_TBL                            0x20000090   Data         312  exfuns.o(.data)
    fs                                       0x200001c8   Data           8  exfuns.o(.data)
    file                                     0x200001d0   Data           4  exfuns.o(.data)
    ftemp                                    0x200001d4   Data           4  exfuns.o(.data)
    br                                       0x200001d8   Data           4  exfuns.o(.data)
    bw                                       0x200001dc   Data           4  exfuns.o(.data)
    fatbuf                                   0x200001e0   Data           4  exfuns.o(.data)
    Bsp_Int_Ok                               0x200001e4   Data           1  tasks.o(.data)
    receive_flag                             0x200001e5   Data           1  tasks.o(.data)
    pitch                                    0x200001e8   Data           2  protocol.o(.data)
    roll                                     0x200001ea   Data           2  protocol.o(.data)
    yaw                                      0x200001ec   Data           2  protocol.o(.data)
    depth                                    0x200001ee   Data           2  protocol.o(.data)
    battery                                  0x200001f0   Data           1  protocol.o(.data)
    CRC_Make                                 0x200001f1   Data           6  protocol.o(.data)
    CRC_High                                 0x200001f7   Data           1  protocol.o(.data)
    CRC_Low                                  0x200001f8   Data           1  protocol.o(.data)
    CRC_Result                               0x200001fa   Data           2  protocol.o(.data)
    crc_ta                                   0x200001fc   Data        1024  protocol.o(.data)
    lcddev                                   0x20000610   Data          14  lcd.o(.bss)
    membase                                  0x20000620   Data       35840  malloc.o(.bss)
    memmapbase                               0x20009220   Data        2240  malloc.o(.bss)
    SPI_InitStructure                        0x20009ae0   Data          18  spi.o(.bss)
    Rx_Buffer                                0x20009af2   Data          20  usart.o(.bss)
    Tx_Buffer                                0x20009b06   Data           9  usart.o(.bss)
    Data                                     0x20009b0f   Data           9  pstwo.o(.bss)
    ftinfo                                   0x20009b18   Data          33  fontupd.o(.bss)
    __libspace_start                         0x20009b3c   Data          96  libspace.o(.bss)
    __temporary_stack_top$libspace           0x20009b9c   Data           0  libspace.o(.bss)



==============================================================================

Memory Map of the image

  Image Entry point : 0x08000131

  Load Region LR_IROM1 (Base: 0x08000000, Size: 0x0000f84c, Max: 0x00040000, ABSOLUTE, COMPRESSED[0x0000f5f0])

    Execution Region ER_IROM1 (Base: 0x08000000, Size: 0x0000f23c, Max: 0x00040000, ABSOLUTE)

    Base Addr    Size         Type   Attr      Idx    E Section Name        Object

    0x08000000   0x00000130   Data   RO           19    RESET               startup_stm32f10x_hd.o
    0x08000130   0x00000008   Code   RO          971  * !!!main             c_w.l(__main.o)
    0x08000138   0x00000034   Code   RO         1183    !!!scatter          c_w.l(__scatter.o)
    0x0800016c   0x0000005a   Code   RO         1181    !!dczerorl2         c_w.l(__dczerorl2.o)
    0x080001c6   0x00000002   PAD
    0x080001c8   0x0000001c   Code   RO         1185    !!handler_zi        c_w.l(__scatter_zi.o)
    0x080001e4   0x00000002   Code   RO         1056    .ARM.Collect$$libinit$$00000000  c_w.l(libinit.o)
    0x080001e6   0x00000000   Code   RO         1063    .ARM.Collect$$libinit$$00000002  c_w.l(libinit2.o)
    0x080001e6   0x00000000   Code   RO         1065    .ARM.Collect$$libinit$$00000004  c_w.l(libinit2.o)
    0x080001e6   0x00000000   Code   RO         1068    .ARM.Collect$$libinit$$0000000A  c_w.l(libinit2.o)
    0x080001e6   0x00000000   Code   RO         1070    .ARM.Collect$$libinit$$0000000C  c_w.l(libinit2.o)
    0x080001e6   0x00000000   Code   RO         1072    .ARM.Collect$$libinit$$0000000E  c_w.l(libinit2.o)
    0x080001e6   0x00000000   Code   RO         1075    .ARM.Collect$$libinit$$00000011  c_w.l(libinit2.o)
    0x080001e6   0x00000000   Code   RO         1077    .ARM.Collect$$libinit$$00000013  c_w.l(libinit2.o)
    0x080001e6   0x00000000   Code   RO         1079    .ARM.Collect$$libinit$$00000015  c_w.l(libinit2.o)
    0x080001e6   0x00000000   Code   RO         1081    .ARM.Collect$$libinit$$00000017  c_w.l(libinit2.o)
    0x080001e6   0x00000000   Code   RO         1083    .ARM.Collect$$libinit$$00000019  c_w.l(libinit2.o)
    0x080001e6   0x00000000   Code   RO         1085    .ARM.Collect$$libinit$$0000001B  c_w.l(libinit2.o)
    0x080001e6   0x00000000   Code   RO         1087    .ARM.Collect$$libinit$$0000001D  c_w.l(libinit2.o)
    0x080001e6   0x00000000   Code   RO         1089    .ARM.Collect$$libinit$$0000001F  c_w.l(libinit2.o)
    0x080001e6   0x00000000   Code   RO         1091    .ARM.Collect$$libinit$$00000021  c_w.l(libinit2.o)
    0x080001e6   0x00000000   Code   RO         1093    .ARM.Collect$$libinit$$00000023  c_w.l(libinit2.o)
    0x080001e6   0x00000000   Code   RO         1095    .ARM.Collect$$libinit$$00000025  c_w.l(libinit2.o)
    0x080001e6   0x00000000   Code   RO         1099    .ARM.Collect$$libinit$$0000002C  c_w.l(libinit2.o)
    0x080001e6   0x00000000   Code   RO         1101    .ARM.Collect$$libinit$$0000002E  c_w.l(libinit2.o)
    0x080001e6   0x00000000   Code   RO         1103    .ARM.Collect$$libinit$$00000030  c_w.l(libinit2.o)
    0x080001e6   0x00000000   Code   RO         1105    .ARM.Collect$$libinit$$00000032  c_w.l(libinit2.o)
    0x080001e6   0x00000002   Code   RO         1106    .ARM.Collect$$libinit$$00000033  c_w.l(libinit2.o)
    0x080001e8   0x00000002   Code   RO         1124    .ARM.Collect$$libshutdown$$00000000  c_w.l(libshutdown.o)
    0x080001ea   0x00000000   Code   RO         1135    .ARM.Collect$$libshutdown$$00000003  c_w.l(libshutdown2.o)
    0x080001ea   0x00000000   Code   RO         1138    .ARM.Collect$$libshutdown$$00000006  c_w.l(libshutdown2.o)
    0x080001ea   0x00000000   Code   RO         1141    .ARM.Collect$$libshutdown$$00000009  c_w.l(libshutdown2.o)
    0x080001ea   0x00000000   Code   RO         1143    .ARM.Collect$$libshutdown$$0000000B  c_w.l(libshutdown2.o)
    0x080001ea   0x00000000   Code   RO         1146    .ARM.Collect$$libshutdown$$0000000E  c_w.l(libshutdown2.o)
    0x080001ea   0x00000002   Code   RO         1147    .ARM.Collect$$libshutdown$$0000000F  c_w.l(libshutdown2.o)
    0x080001ec   0x00000000   Code   RO         1005    .ARM.Collect$$rtentry$$00000000  c_w.l(__rtentry.o)
    0x080001ec   0x00000000   Code   RO         1025    .ARM.Collect$$rtentry$$00000002  c_w.l(__rtentry2.o)
    0x080001ec   0x00000006   Code   RO         1037    .ARM.Collect$$rtentry$$00000004  c_w.l(__rtentry4.o)
    0x080001f2   0x00000000   Code   RO         1027    .ARM.Collect$$rtentry$$00000009  c_w.l(__rtentry2.o)
    0x080001f2   0x00000004   Code   RO         1028    .ARM.Collect$$rtentry$$0000000A  c_w.l(__rtentry2.o)
    0x080001f6   0x00000000   Code   RO         1030    .ARM.Collect$$rtentry$$0000000C  c_w.l(__rtentry2.o)
    0x080001f6   0x00000008   Code   RO         1031    .ARM.Collect$$rtentry$$0000000D  c_w.l(__rtentry2.o)
    0x080001fe   0x00000002   Code   RO         1060    .ARM.Collect$$rtexit$$00000000  c_w.l(rtexit.o)
    0x08000200   0x00000000   Code   RO         1108    .ARM.Collect$$rtexit$$00000002  c_w.l(rtexit2.o)
    0x08000200   0x00000004   Code   RO         1109    .ARM.Collect$$rtexit$$00000003  c_w.l(rtexit2.o)
    0x08000204   0x00000006   Code   RO         1110    .ARM.Collect$$rtexit$$00000004  c_w.l(rtexit2.o)
    0x0800020a   0x00000002   PAD
    0x0800020c   0x00000040   Code   RO           20    .text               startup_stm32f10x_hd.o
    0x0800024c   0x00000020   Code   RO           24    .text               main.o
    0x0800026c   0x0000005c   Code   RO          180    .text               stm32f10x_it.o
    0x080002c8   0x000001e0   Code   RO          228    .text               system_stm32f10x.o
    0x080004a8   0x000000d4   Code   RO          246    .text               delay.o
    0x0800057c   0x00000358   Code   RO          260    .text               flash.o
    0x080008d4   0x0000582a   Code   RO          285    .text               lcd.o
    0x080060fe   0x00000002   PAD
    0x08006100   0x000001a0   Code   RO          315    .text               malloc.o
    0x080062a0   0x00000524   Code   RO          335    .text               mmc_sd.o
    0x080067c4   0x000000e8   Code   RO          353    .text               spi.o
    0x080068ac   0x00000144   Code   RO          384    .text               usart.o
    0x080069f0   0x0000040c   Code   RO          408    .text               pstwo.o
    0x08006dfc   0x00000064   Code   RO          427    .text               timer3.o
    0x08006e60   0x000003c4   Code   RO          446    .text               fontupd.o
    0x08007224   0x000002d4   Code   RO          477    .text               text.o
    0x080074f8   0x000001f8   Code   RO          492    .text               diskio.o
    0x080076f0   0x00003296   Code   RO          514    .text               ff.o
    0x0800a986   0x00000002   PAD
    0x0800a988   0x00000198   Code   RO          532    .text               exfuns.o
    0x0800ab20   0x000000cc   Code   RO          581    .text               mycc936.o
    0x0800abec   0x0000033c   Code   RO          597    .text               tasks.o
    0x0800af28   0x00000168   Code   RO          619    .text               protocol.o
    0x0800b090   0x000000dc   Code   RO          637    .text               misc.o
    0x0800b16c   0x0000035c   Code   RO          769    .text               stm32f10x_gpio.o
    0x0800b4c8   0x000003a4   Code   RO          817    .text               stm32f10x_rcc.o
    0x0800b86c   0x0000030c   Code   RO          855    .text               stm32f10x_spi.o
    0x0800bb78   0x00000e1a   Code   RO          867    .text               stm32f10x_tim.o
    0x0800c992   0x00000002   PAD
    0x0800c994   0x00000408   Code   RO          879    .text               stm32f10x_usart.o
    0x0800cd9c   0x00000002   Code   RO          905    .text               c_w.l(use_no_semi_2.o)
    0x0800cd9e   0x00000048   Code   RO          963    .text               c_w.l(strcpy.o)
    0x0800cde6   0x0000003e   Code   RO          965    .text               c_w.l(strlen.o)
    0x0800ce24   0x00000080   Code   RO          967    .text               c_w.l(strcmpv7m.o)
    0x0800cea4   0x00000006   Code   RO          969    .text               c_w.l(heapauxi.o)
    0x0800ceaa   0x00000002   Code   RO         1003    .text               c_w.l(use_no_semi.o)
    0x0800ceac   0x0000004a   Code   RO         1045    .text               c_w.l(sys_stackheap_outer.o)
    0x0800cef6   0x0000000c   Code   RO         1049    .text               c_w.l(exit.o)
    0x0800cf02   0x00000002   PAD
    0x0800cf04   0x00000008   Code   RO         1057    .text               c_w.l(libspace.o)
    0x0800cf0c   0x0000005a   Code   RO          973    x$fpl$dfixu         fz_ws.l(dfixu.o)
    0x0800cf66   0x00000026   Code   RO          977    x$fpl$dfltu         fz_ws.l(dflt_clz.o)
    0x0800cf8c   0x00000154   Code   RO          983    x$fpl$dmul          fz_ws.l(dmul.o)
    0x0800d0e0   0x0000009c   Code   RO         1013    x$fpl$dnaninf       fz_ws.l(dnaninf.o)
    0x0800d17c   0x0000000c   Code   RO         1015    x$fpl$dretinf       fz_ws.l(dretinf.o)
    0x0800d188   0x00000018   Code   RO         1017    x$fpl$fcmpinf       fz_ws.l(fcmpi.o)
    0x0800d1a0   0x00000184   Code   RO          986    x$fpl$fdiv          fz_ws.l(fdiv.o)
    0x0800d324   0x00000068   Code   RO          989    x$fpl$feqf          fz_ws.l(feqf.o)
    0x0800d38c   0x0000003e   Code   RO          991    x$fpl$ffixu         fz_ws.l(ffixu.o)
    0x0800d3ca   0x00000002   PAD
    0x0800d3cc   0x00000026   Code   RO          995    x$fpl$ffltu         fz_ws.l(fflt_clz.o)
    0x0800d3f2   0x00000002   PAD
    0x0800d3f4   0x00000102   Code   RO         1001    x$fpl$fmul          fz_ws.l(fmul.o)
    0x0800d4f6   0x0000008c   Code   RO         1019    x$fpl$fnaninf       fz_ws.l(fnaninf.o)
    0x0800d582   0x0000000a   Code   RO         1021    x$fpl$fretinf       fz_ws.l(fretinf.o)
    0x0800d58c   0x00000000   Code   RO         1023    x$fpl$usenofp       fz_ws.l(usenofp.o)
    0x0800d58c   0x000017c0   Data   RO          287    .constdata          lcd.o
    0x0800ed4c   0x0000003a   Data   RO          515    .constdata          ff.o
    0x0800ed86   0x000003c0   Data   RO          582    .constdata          mycc936.o
    0x0800f146   0x00000002   PAD
    0x0800f148   0x0000006d   Data   RO          448    .conststring        fontupd.o
    0x0800f1b5   0x00000003   PAD
    0x0800f1b8   0x00000064   Data   RO          534    .conststring        exfuns.o
    0x0800f21c   0x00000020   Data   RO         1179    Region$$Table       anon$$obj.o


    Execution Region RW_IRAM1 (Base: 0x20000000, Size: 0x0000a1a0, Max: 0x0000c000, ABSOLUTE, COMPRESSED[0x000003b4])

    Base Addr    Size         Type   Attr      Idx    E Section Name        Object

    0x20000000   0x00000001   Data   RW          181    .data               stm32f10x_it.o
    0x20000001   0x00000003   PAD
    0x20000004   0x00000014   Data   RW          229    .data               system_stm32f10x.o
    0x20000018   0x00000004   Data   RW          247    .data               delay.o
    0x2000001c   0x00000002   Data   RW          261    .data               flash.o
    0x2000001e   0x00000004   Data   RW          288    .data               lcd.o
    0x20000022   0x00000002   PAD
    0x20000024   0x00000014   Data   RW          318    .data               malloc.o
    0x20000038   0x00000001   Data   RW          336    .data               mmc_sd.o
    0x20000039   0x00000003   PAD
    0x2000003c   0x00000006   Data   RW          386    .data               usart.o
    0x20000042   0x00000024   Data   RW          410    .data               pstwo.o
    0x20000066   0x00000002   PAD
    0x20000068   0x00000006   Data   RW          428    .data               timer3.o
    0x2000006e   0x00000002   PAD
    0x20000070   0x00000010   Data   RW          449    .data               fontupd.o
    0x20000080   0x00000002   Data   RW          493    .data               diskio.o
    0x20000082   0x00000002   PAD
    0x20000084   0x0000000a   Data   RW          516    .data               ff.o
    0x2000008e   0x00000002   PAD
    0x20000090   0x00000154   Data   RW          535    .data               exfuns.o
    0x200001e4   0x00000002   Data   RW          598    .data               tasks.o
    0x200001e6   0x00000002   PAD
    0x200001e8   0x00000414   Data   RW          620    .data               protocol.o
    0x200005fc   0x00000014   Data   RW          818    .data               stm32f10x_rcc.o
    0x20000610   0x0000000e   Zero   RW          286    .bss                lcd.o
    0x2000061e   0x00000002   PAD
    0x20000620   0x000094c0   Zero   RW          316    .bss                malloc.o
    0x20009ae0   0x00000012   Zero   RW          354    .bss                spi.o
    0x20009af2   0x0000001d   Zero   RW          385    .bss                usart.o
    0x20009b0f   0x00000009   Zero   RW          409    .bss                pstwo.o
    0x20009b18   0x00000021   Zero   RW          447    .bss                fontupd.o
    0x20009b39   0x00000003   PAD
    0x20009b3c   0x00000060   Zero   RW         1058    .bss                c_w.l(libspace.o)
    0x20009b9c   0x00000004   PAD
    0x20009ba0   0x00000200   Zero   RW           18    HEAP                startup_stm32f10x_hd.o
    0x20009da0   0x00000400   Zero   RW           17    STACK               startup_stm32f10x_hd.o


==============================================================================

Image component sizes


      Code (inc. data)   RO Data    RW Data    ZI Data      Debug   Object Name

         0          0          0          0          0       4536   core_cm3.o
       212         18          0          4          0        939   delay.o
       504         12          0          2          0       4058   diskio.o
       408         20        100        340          0       2524   exfuns.o
     12950        138         58         10          0      34514   ff.o
       856         16          0          2          0       4263   flash.o
       964        126        109         16         33       6292   fontupd.o
     22570        190       6080          4         14      24103   lcd.o
        32          6          0          0          0     255871   main.o
       416          6          0         20      38080       3789   malloc.o
       220         22          0          0          0       1745   misc.o
      1316         16          0          1          0       5486   mmc_sd.o
       204         12        960          0          0       1537   mycc936.o
       360         56          0       1044          0       1776   protocol.o
      1036         28          0         36          9       3579   pstwo.o
       232         12          0          0         18       1213   spi.o
        64         26        304          0       1536        772   startup_stm32f10x_hd.o
       860         38          0          0          0       5589   stm32f10x_gpio.o
        92         16          0          1          0       1532   stm32f10x_it.o
       932         36          0         20          0       8732   stm32f10x_rcc.o
       780         14          0          0          0       6470   stm32f10x_spi.o
      3610         88          0          0          0      22072   stm32f10x_tim.o
      1032         22          0          0          0       8316   stm32f10x_usart.o
       480         38          0         20          0       1659   system_stm32f10x.o
       828        158          0          2          0       1116   tasks.o
       724         16          0          0          0       2816   text.o
       100         14          0          6          0        782   timer3.o
       324         26          0          6         29       3100   usart.o

    ----------------------------------------------------------------------
     52112       1170       7648       1552      39724     419181   Object Totals
         0          0         32          0          0          0   (incl. Generated)
         6          0          5         18          5          0   (incl. Padding)

    ----------------------------------------------------------------------

      Code (inc. data)   RO Data    RW Data    ZI Data      Debug   Library Member Name

        90          0          0          0          0          0   __dczerorl2.o
         8          0          0          0          0         68   __main.o
         0          0          0          0          0          0   __rtentry.o
        12          0          0          0          0          0   __rtentry2.o
         6          0          0          0          0          0   __rtentry4.o
        52          8          0          0          0          0   __scatter.o
        28          0          0          0          0          0   __scatter_zi.o
        12          0          0          0          0         72   exit.o
         6          0          0          0          0        152   heapauxi.o
         2          0          0          0          0          0   libinit.o
         2          0          0          0          0          0   libinit2.o
         2          0          0          0          0          0   libshutdown.o
         2          0          0          0          0          0   libshutdown2.o
         8          4          0          0         96         68   libspace.o
         2          0          0          0          0          0   rtexit.o
        10          0          0          0          0          0   rtexit2.o
       128          0          0          0          0         68   strcmpv7m.o
        72          0          0          0          0         80   strcpy.o
        62          0          0          0          0         76   strlen.o
        74          0          0          0          0         80   sys_stackheap_outer.o
         2          0          0          0          0         68   use_no_semi.o
         2          0          0          0          0         68   use_no_semi_2.o
        90          4          0          0          0         92   dfixu.o
        38          0          0          0          0         68   dflt_clz.o
       340         12          0          0          0        104   dmul.o
       156          4          0          0          0         92   dnaninf.o
        12          0          0          0          0         68   dretinf.o
        24          0          0          0          0         68   fcmpi.o
       388         76          0          0          0         96   fdiv.o
       104          4          0          0          0         84   feqf.o
        62          4          0          0          0         84   ffixu.o
        38          0          0          0          0         68   fflt_clz.o
       258          4          0          0          0         84   fmul.o
       140          4          0          0          0         84   fnaninf.o
        10          0          0          0          0         68   fretinf.o
         0          0          0          0          0          0   usenofp.o

    ----------------------------------------------------------------------
      2252        124          0          0        100       1860   Library Totals
        10          0          0          0          4          0   (incl. Padding)

    ----------------------------------------------------------------------

      Code (inc. data)   RO Data    RW Data    ZI Data      Debug   Library Name

       582         12          0          0         96        800   c_w.l
      1660        112          0          0          0       1060   fz_ws.l

    ----------------------------------------------------------------------
      2252        124          0          0        100       1860   Library Totals

    ----------------------------------------------------------------------

==============================================================================


      Code (inc. data)   RO Data    RW Data    ZI Data      Debug   

     54364       1294       7648       1552      39824     417761   Grand Totals
     54364       1294       7648        948      39824     417761   ELF Image Totals (compressed)
     54364       1294       7648        948          0          0   ROM Totals

==============================================================================

    Total RO  Size (Code + RO Data)                62012 (  60.56kB)
    Total RW  Size (RW Data + ZI Data)             41376 (  40.41kB)
    Total ROM Size (Code + RO Data + RW Data)      62960 (  61.48kB)

==============================================================================

